<html>
<body>
<pre>
<h1>礦ision Build Log</h1>
<h2>Tool Versions:</h2>
IDE-Version: μVision V5.12.0.0
Copyright (C) 2014 ARM Ltd and ARM Germany GmbH. All rights reserved.
License Information: 1 2, 3, LIC=WHYH9-4WFDP-JJ46S-LY9TK-YMS34-4J9SG
 
Tool Versions:
Toolchain:       MDK-ARM Standard  Version: 5.12.0.0
Toolchain Path:  C:\Keil_v5\ARM\ARMCC\Bin
C Compiler:      Armcc.exe V5.05 (build 41)
Assembler:       Armasm.exe V5.05 (build 41)
Linker/Locator:  ArmLink.exe V5.05 (build 41)
Library Manager: ArmAr.exe V5.05 (build 41)
Hex Converter:   FromElf.exe V5.05 (build 41)
CPU DLL:         SARMCM3.DLL V5.12.0.0
Dialog DLL:      DCM.DLL V1.13.0.0
    Target DLL: Segger\JL2CM3.dll
Dialog DLL:      TCM.DLL V1.14.2.0
 
<h2>Project:</h2>
D:\USB-Taobao\ST官方资料\ST官方标准USB库例程\STM32_USB-FS-Device_Lib_V3.0.1\Project\Custom_HID - 改\RVMDK\Custom_HID.uvprojx
Project File Date:  10/16/2020

<h2>Output:</h2>
Rebuild target 'STM3210B-EVAL'
compiling hw_config.c...
..\src\hw_config.c(331): warning:  #177-D: variable "EXTI_InitStructure" was declared but never referenced
    EXTI_InitTypeDef EXTI_InitStructure;
..\src\hw_config.c: 1 warning, 0 errors
compiling main.c...
..\src\main.c(707): warning:  #177-D: variable "div_t" was declared but never referenced
        unsigned char div_t=32;
..\src\main.c(708): warning:  #177-D: variable "div_add" was declared but never referenced
        unsigned char div_add=32;
..\src\main.c(3017): warning:  #177-D: variable "do_num_exchange" was declared but never referenced
                  u8 do_num_exchange;
..\src\main.c(3018): warning:  #177-D: variable "CH451_DIG_EXCHANGE" was declared but never referenced
        u16 CH451_DIG_EXCHANGE; 
..\src\main.c(3019): warning:  #177-D: variable "CH451_SIG_EXCHANGE" was declared but never referenced
                  u8  CH451_SIG_EXCHANGE;
..\src\main.c(3020): warning:  #177-D: variable "LED_DISPLAY_ROW_EXCHANGE" was declared but never referenced
                  u8 LED_DISPLAY_ROW_EXCHANGE;
..\src\main.c: 6 warnings, 0 errors
compiling stm32f10x_it.c...
compiling usb_desc.c...
compiling usb_endp.c...
compiling usb_istr.c...
compiling usb_prop.c...
compiling usb_pwr.c...
compiling usb_core.c...
compiling usb_init.c...
compiling usb_int.c...
compiling usb_mem.c...
compiling usb_regs.c...
compiling stm32f10x_rcc.c...
compiling stm32f10x_gpio.c...
compiling misc.c...
compiling stm32f10x_adc.c...
compiling stm32f10x_dma.c...
compiling stm32f10x_exti.c...
compiling stm32f10x_tim.c...
assembling startup_stm32f10x_md.s...
compiling system_stm32f10x.c...
compiling core_cm3.c...
linking...
Program Size: Code=28248 RO-data=472 RW-data=416 ZI-data=1336  
FromELF: creating hex file...
".\Obj\E3-2020-08-29-V01.axf" - 0 Error(s), 7 Warning(s).

<h2>Collection of Component include folders:</h2>
  D:\USB-Taobao\ST官方资料\ST官方标准USB库例程\STM32_USB-FS-Device_Lib_V3.0.1\Project\Custom_HID - 改\RVMDK\RTE
  C:\Keil_v5\ARM\PACK\Keil\STM32F1xx_DFP\2.0.0

<h2>Collection of Component Files used:</h2>
</pre>
</body>
</html>
