<html>
<body>
<pre>
<h1>礦ision Build Log</h1>
<h2>Tool Versions:</h2>
IDE-Version: μVision V5.18.0.0
Copyright (C) 2016 ARM Ltd and ARM Germany GmbH. All rights reserved.
License Information: deng Microsoft, Microsoft, LIC=4ZLPC-7K7SX-LTX3E-5T3U1-VYYS9-NSVGS
 
Tool Versions:
Toolchain:       MDK-ARM Professional  Version: 5.18
Toolchain Path:  C:\Keil_v5\ARM\ARMCC\Bin
C Compiler:      Armcc.exe V5.06 update 1 (build 61)
Assembler:       Armasm.exe V5.06 update 1 (build 61)
Linker/Locator:  ArmLink.exe V5.06 update 1 (build 61)
Library Manager: ArmAr.exe V5.06 update 1 (build 61)
Hex Converter:   FromElf.exe V5.06 update 1 (build 61)
CPU DLL:         SARMCM3.DLL V5.18
Dialog DLL:      DCM.DLL V1.13.6.0
Target DLL:      Segger\JL2CM3.dll V2.99.18.0
Dialog DLL:      TCM.DLL V1.14.8.0
 
<h2>Project:</h2>
E:\mywork\USB-Taobao\ST官方资料\ST官方标准USB库例程\STM32_USB-FS-Device_Lib_V3.0.1\Project\Custom_HID - 改\RVMDK\Custom_HID.uvprojx
Project File Date:  02/02/2020

<h2>Output:</h2>
*** Using Compiler 'V5.06 update 1 (build 61)', folder: 'C:\Keil_v5\ARM\ARMCC\Bin'
Rebuild target 'STM3210B-EVAL'
compiling stm32f10x_it.c...
compiling hw_config.c...
..\src\hw_config.c(326): warning:  #177-D: variable "EXTI_InitStructure" was declared but never referenced
    EXTI_InitTypeDef EXTI_InitStructure;
..\src\hw_config.c: 1 warning, 0 errors
compiling usb_desc.c...
compiling usb_endp.c...
compiling usb_prop.c...
compiling usb_istr.c...
compiling main.c...
..\src\main.c(521): warning:  #177-D: variable "i" was declared but never referenced
  	 unsigned char i,j;
..\src\main.c(521): warning:  #177-D: variable "j" was declared but never referenced
  	 unsigned char i,j;
..\src\main.c(531): warning:  #177-D: variable "t" was declared but never referenced
  	  unsigned char t=9;
..\src\main.c(1650): warning:  #177-D: variable "k1" was declared but never referenced
  	     unsigned char i;unsigned char k1,k2,k3,k4;
..\src\main.c(1650): warning:  #177-D: variable "k2" was declared but never referenced
  	     unsigned char i;unsigned char k1,k2,k3,k4;
..\src\main.c(1650): warning:  #177-D: variable "k3" was declared but never referenced
  	     unsigned char i;unsigned char k1,k2,k3,k4;
..\src\main.c(1650): warning:  #177-D: variable "k4" was declared but never referenced
  	     unsigned char i;unsigned char k1,k2,k3,k4;
..\src\main.c(1651): warning:  #177-D: variable "key_scan_do_value_temp" was declared but never referenced
  	     u8 key_scan_do_value_temp,key_scan_do_value_temp1,key_scan_do_value_temp2;
..\src\main.c(1651): warning:  #177-D: variable "key_scan_do_value_temp1" was declared but never referenced
  	     u8 key_scan_do_value_temp,key_scan_do_value_temp1,key_scan_do_value_temp2;
..\src\main.c(1651): warning:  #177-D: variable "key_scan_do_value_temp2" was declared but never referenced
  	     u8 key_scan_do_value_temp,key_scan_do_value_temp1,key_scan_do_value_temp2;
..\src\main.c(1833): warning:  #177-D: variable "j" was declared but never referenced
     u8 i,j;
..\src\main.c(1860): warning:  #177-D: variable "j" was declared but never referenced
     u8 i,j;
..\src\main.c(2046): warning:  #177-D: variable "EC_TIME_COUNT" was declared but never referenced
  	 u8 EC_LED_TEMP,EC_TIME_COUNT;
..\src\main.c: 13 warnings, 0 errors
compiling usb_pwr.c...
compiling usb_init.c...
compiling usb_core.c...
compiling usb_int.c...
compiling usb_mem.c...
compiling usb_regs.c...
compiling stm32f10x_rcc.c...
compiling stm32f10x_gpio.c...
compiling misc.c...
compiling stm32f10x_adc.c...
compiling stm32f10x_dma.c...
compiling stm32f10x_exti.c...
assembling startup_stm32f10x_md.s...
compiling system_stm32f10x.c...
compiling core_cm3.c...
compiling stm32f10x_tim.c...
linking...
Program Size: Code=24312 RO-data=472 RW-data=396 ZI-data=1292  
FromELF: creating hex file...
".\Obj\E3-2020-02-02.axf" - 0 Error(s), 14 Warning(s).

<h2>Collection of Component include folders:</h2>
  E:\mywork\USB-Taobao\ST官方资料\ST官方标准USB库例程\STM32_USB-FS-Device_Lib_V3.0.1\Project\Custom_HID - 改\RVMDK\RTE
  C:\Keil_v5\ARM\PACK\Keil\STM32F1xx_DFP\1.0.2\Device\Include

<h2>Collection of Component Files used:</h2>
Build Time Elapsed:  00:00:10
</pre>
</body>
</html>
