<html>
<body>
<pre>
<h1>礦ision Build Log</h1>
<h2>Tool Versions:</h2>
IDE-Version: μVision V5.21.1.0
Copyright (C) 2016 ARM Ltd and ARM Germany GmbH. All rights reserved.
License Information: 1 2, 3, LIC=ATTQ1-CG5UR-45WT5-GTHKT-8EHBQ-C4H0X
 
Tool Versions:
Toolchain:       MDK-ARM Plus  Version: 5.21a
Toolchain Path:  C:\Keil_v5\ARM\ARMCC\Bin
C Compiler:      Armcc.exe V5.06 update 3 (build 300)
Assembler:       Armasm.exe V5.06 update 3 (build 300)
Linker/Locator:  ArmLink.exe V5.06 update 3 (build 300)
Library Manager: ArmAr.exe V5.06 update 3 (build 300)
Hex Converter:   FromElf.exe V5.06 update 3 (build 300)
CPU DLL:         SARMCM3.DLL V5.21a
Dialog DLL:      DCM.DLL V1.13.8.0
Target DLL:      Segger\JL2CM3.dll V2.99.23.0
Dialog DLL:      TCM.DLL V1.14.14.0
 
<h2>Project:</h2>
E:\BILL_WORK\USB-Taobao\ST官方资料\ST官方标准USB库例程\STM32_USB-FS-Device_Lib_V3.0.1\Project\Custom_HID - 改\RVMDK\Custom_HID.uvprojx
Project File Date:  08/22/2020

<h2>Output:</h2>
*** Using Compiler 'V5.06 update 3 (build 300)', folder: 'C:\Keil_v5\ARM\ARMCC\Bin'
Rebuild target 'STM3210B-EVAL'
compiling usb_prop.c...
compiling usb_desc.c...
compiling usb_endp.c...
compiling usb_init.c...
compiling usb_mem.c...
compiling stm32f10x_gpio.c...
compiling usb_istr.c...
compiling usb_int.c...
compiling usb_pwr.c...
compiling stm32f10x_rcc.c...
compiling stm32f10x_it.c...
compiling hw_config.c...
..\src\hw_config.c(331): warning:  #177-D: variable "EXTI_InitStructure" was declared but never referenced
    EXTI_InitTypeDef EXTI_InitStructure;
..\src\hw_config.c: 1 warning, 0 errors
compiling usb_regs.c...
compiling usb_core.c...
compiling misc.c...
assembling startup_stm32f10x_md.s...
compiling stm32f10x_adc.c...
compiling core_cm3.c...
compiling stm32f10x_dma.c...
compiling stm32f10x_exti.c...
compiling system_stm32f10x.c...
compiling stm32f10x_tim.c...
compiling main.c...
..\src\main.c(705): warning:  #177-D: variable "div_t" was declared but never referenced
  	unsigned char div_t=32;
..\src\main.c(706): warning:  #177-D: variable "div_add" was declared but never referenced
  	unsigned char div_add=32;
..\src\main.c(2998): warning:  #177-D: variable "do_num_exchange" was declared but never referenced
  		  u8 do_num_exchange;
..\src\main.c(2999): warning:  #177-D: variable "CH451_DIG_EXCHANGE" was declared but never referenced
        u16 CH451_DIG_EXCHANGE;	
..\src\main.c(3000): warning:  #177-D: variable "CH451_SIG_EXCHANGE" was declared but never referenced
  		  u8  CH451_SIG_EXCHANGE;
..\src\main.c(3001): warning:  #177-D: variable "LED_DISPLAY_ROW_EXCHANGE" was declared but never referenced
  		  u8 LED_DISPLAY_ROW_EXCHANGE;
..\src\main.c: 6 warnings, 0 errors
linking...
Program Size: Code=28126 RO-data=474 RW-data=416 ZI-data=1336  
FromELF: creating hex file...
".\Obj\E3-2020-08-22-V01.axf" - 0 Error(s), 7 Warning(s).

<h2>Collection of Component include folders:</h2>
  E:\BILL_WORK\USB-Taobao\ST官方资料\ST官方标准USB库例程\STM32_USB-FS-Device_Lib_V3.0.1\Project\Custom_HID - 改\RVMDK\RTE
  C:\Keil_v5\ARM\Keil\STM32F1xx_DFP\2.0.0\Device\Include

<h2>Collection of Component Files used:</h2>
Build Time Elapsed:  00:00:03
</pre>
</body>
</html>
