Component: ARM Compiler 5.05 (build 41) Tool: armlink [4d0eb9]

==============================================================================

Section Cross References

    hw_config.o(i.ADC1_Configuration) refers to stm32f10x_rcc.o(i.RCC_APB2PeriphClockCmd) for RCC_APB2PeriphClockCmd
    hw_config.o(i.ADC1_Configuration) refers to stm32f10x_rcc.o(i.RCC_AHBPeriphClockCmd) for RCC_AHBPeriphClockCmd
    hw_config.o(i.ADC1_Configuration) refers to stm32f10x_rcc.o(i.RCC_ADCCLKConfig) for RCC_ADCCLKConfig
    hw_config.o(i.ADC1_Configuration) refers to stm32f10x_dma.o(i.DMA_DeInit) for DMA_DeInit
    hw_config.o(i.ADC1_Configuration) refers to stm32f10x_dma.o(i.DMA_Init) for DMA_Init
    hw_config.o(i.ADC1_Configuration) refers to stm32f10x_dma.o(i.DMA_Cmd) for DMA_Cmd
    hw_config.o(i.ADC1_Configuration) refers to stm32f10x_adc.o(i.ADC_DeInit) for ADC_DeInit
    hw_config.o(i.ADC1_Configuration) refers to stm32f10x_adc.o(i.ADC_Init) for ADC_Init
    hw_config.o(i.ADC1_Configuration) refers to stm32f10x_adc.o(i.ADC_RegularChannelConfig) for ADC_RegularChannelConfig
    hw_config.o(i.ADC1_Configuration) refers to stm32f10x_adc.o(i.ADC_ITConfig) for ADC_ITConfig
    hw_config.o(i.ADC1_Configuration) refers to stm32f10x_adc.o(i.ADC_DMACmd) for ADC_DMACmd
    hw_config.o(i.ADC1_Configuration) refers to stm32f10x_adc.o(i.ADC_Cmd) for ADC_Cmd
    hw_config.o(i.ADC1_Configuration) refers to stm32f10x_adc.o(i.ADC_ResetCalibration) for ADC_ResetCalibration
    hw_config.o(i.ADC1_Configuration) refers to stm32f10x_adc.o(i.ADC_GetResetCalibrationStatus) for ADC_GetResetCalibrationStatus
    hw_config.o(i.ADC1_Configuration) refers to stm32f10x_adc.o(i.ADC_StartCalibration) for ADC_StartCalibration
    hw_config.o(i.ADC1_Configuration) refers to stm32f10x_adc.o(i.ADC_GetCalibrationStatus) for ADC_GetCalibrationStatus
    hw_config.o(i.ADC1_Configuration) refers to main.o(.bss) for ADC_DualConvertedValueTab
    hw_config.o(i.Enter_LowPowerMode) refers to usb_pwr.o(.data) for bDeviceState
    hw_config.o(i.GPIO_Configuration) refers to stm32f10x_rcc.o(i.RCC_APB2PeriphClockCmd) for RCC_APB2PeriphClockCmd
    hw_config.o(i.GPIO_Configuration) refers to stm32f10x_gpio.o(i.GPIO_PinRemapConfig) for GPIO_PinRemapConfig
    hw_config.o(i.GPIO_Configuration) refers to stm32f10x_gpio.o(i.GPIO_Init) for GPIO_Init
    hw_config.o(i.GPIO_Configuration) refers to stm32f10x_gpio.o(i.GPIO_ResetBits) for GPIO_ResetBits
    hw_config.o(i.GPIO_Configuration) refers to stm32f10x_gpio.o(i.GPIO_SetBits) for GPIO_SetBits
    hw_config.o(i.Get_SerialNum) refers to usb_desc.o(.data) for CustomHID_StringSerial
    hw_config.o(i.Leave_LowPowerMode) refers to usb_init.o(.bss) for Device_Info
    hw_config.o(i.Leave_LowPowerMode) refers to usb_pwr.o(.data) for bDeviceState
    hw_config.o(i.NVIC_Configuration) refers to misc.o(i.NVIC_SetVectorTable) for NVIC_SetVectorTable
    hw_config.o(i.NVIC_Configuration) refers to misc.o(i.NVIC_PriorityGroupConfig) for NVIC_PriorityGroupConfig
    hw_config.o(i.NVIC_Configuration) refers to misc.o(i.NVIC_Init) for NVIC_Init
    hw_config.o(i.Set_System) refers to system_stm32f10x.o(i.SystemInit) for SystemInit
    hw_config.o(i.Set_System) refers to hw_config.o(i.GPIO_Configuration) for GPIO_Configuration
    hw_config.o(i.Set_USBClock) refers to stm32f10x_rcc.o(i.RCC_USBCLKConfig) for RCC_USBCLKConfig
    hw_config.o(i.Set_USBClock) refers to stm32f10x_rcc.o(i.RCC_APB1PeriphClockCmd) for RCC_APB1PeriphClockCmd
    hw_config.o(i.Timer2_Configuration) refers to stm32f10x_rcc.o(i.RCC_APB1PeriphClockCmd) for RCC_APB1PeriphClockCmd
    hw_config.o(i.Timer2_Configuration) refers to stm32f10x_tim.o(i.TIM_TimeBaseInit) for TIM_TimeBaseInit
    hw_config.o(i.Timer2_Configuration) refers to stm32f10x_tim.o(i.TIM_ClearFlag) for TIM_ClearFlag
    hw_config.o(i.Timer2_Configuration) refers to stm32f10x_tim.o(i.TIM_ITConfig) for TIM_ITConfig
    hw_config.o(i.Timer2_Configuration) refers to stm32f10x_tim.o(i.TIM_Cmd) for TIM_Cmd
    hw_config.o(i.USB_Cable_Config) refers to stm32f10x_gpio.o(i.GPIO_ResetBits) for GPIO_ResetBits
    hw_config.o(i.USB_Cable_Config) refers to stm32f10x_gpio.o(i.GPIO_SetBits) for GPIO_SetBits
    hw_config.o(i.USB_Interrupts_Config) refers to misc.o(i.NVIC_Init) for NVIC_Init
    main.o(i.ADC_DATA_SEND) refers to usb_mem.o(i.UserToPMABufferCopy) for UserToPMABufferCopy
    main.o(i.ADC_DATA_SEND) refers to usb_regs.o(i.SetEPTxValid) for SetEPTxValid
    main.o(i.ADC_DATA_SEND) refers to main.o(i.delay_ms) for delay_ms
    main.o(i.ADC_DATA_SEND) refers to main.o(.bss) for .bss
    main.o(i.ADC_DATA_SEND) refers to hw_config.o(.data) for USB_TxBuf
    main.o(i.ADC_Data_Process) refers to main.o(i.ADC_Sort) for ADC_Sort
    main.o(i.ADC_Data_Process) refers to main.o(.bss) for .bss
    main.o(i.ADC_Data_Process) refers to main.o(.data) for .data
    main.o(i.ADC_StartConvert) refers to main.o(i.delay_ms) for delay_ms
[...]
    Removing stm32f10x_adc.o(i.ADC_GetInjectedConversionValue), (8 bytes).
    Removing stm32f10x_adc.o(i.ADC_GetSoftwareStartConvStatus), (14 bytes).
    Removing stm32f10x_adc.o(i.ADC_GetSoftwareStartInjectedConvCmdStatus), (14 bytes).
    Removing stm32f10x_adc.o(i.ADC_InjectedChannelConfig), (74 bytes).
    Removing stm32f10x_adc.o(i.ADC_InjectedDiscModeCmd), (20 bytes).
    Removing stm32f10x_adc.o(i.ADC_InjectedSequencerLengthConfig), (16 bytes).
    Removing stm32f10x_adc.o(i.ADC_SetInjectedOffset), (4 bytes).
    Removing stm32f10x_adc.o(i.ADC_SoftwareStartInjectedConvCmd), (20 bytes).
    Removing stm32f10x_adc.o(i.ADC_StructInit), (18 bytes).
    Removing stm32f10x_adc.o(i.ADC_TempSensorVrefintCmd), (28 bytes).
    Removing stm32f10x_dma.o(i.DMA_ClearITPendingBit), (24 bytes).
    Removing stm32f10x_dma.o(i.DMA_GetCurrDataCounter), (6 bytes).
    Removing stm32f10x_dma.o(i.DMA_GetITStatus), (32 bytes).
    Removing stm32f10x_dma.o(i.DMA_ITConfig), (16 bytes).
    Removing stm32f10x_dma.o(i.DMA_StructInit), (26 bytes).
    Removing stm32f10x_exti.o(i.EXTI_ClearFlag), (12 bytes).
    Removing stm32f10x_exti.o(i.EXTI_ClearITPendingBit), (12 bytes).
    Removing stm32f10x_exti.o(i.EXTI_DeInit), (36 bytes).
    Removing stm32f10x_exti.o(i.EXTI_GenerateSWInterrupt), (16 bytes).
    Removing stm32f10x_exti.o(i.EXTI_GetFlagStatus), (20 bytes).
    Removing stm32f10x_exti.o(i.EXTI_GetITStatus), (32 bytes).
    Removing stm32f10x_exti.o(i.EXTI_Init), (132 bytes).
    Removing stm32f10x_exti.o(i.EXTI_StructInit), (14 bytes).
    Removing stm32f10x_tim.o(i.TI1_Config), (108 bytes).
    Removing stm32f10x_tim.o(i.TI2_Config), (124 bytes).
    Removing stm32f10x_tim.o(i.TIM_ARRPreloadConfig), (20 bytes).
    Removing stm32f10x_tim.o(i.TIM_BDTRConfig), (34 bytes).
    Removing stm32f10x_tim.o(i.TIM_BDTRStructInit), (18 bytes).
    Removing stm32f10x_tim.o(i.TIM_CCPreloadControl), (20 bytes).
    Removing stm32f10x_tim.o(i.TIM_CCxCmd), (22 bytes).
    Removing stm32f10x_tim.o(i.TIM_CCxNCmd), (22 bytes).
    Removing stm32f10x_tim.o(i.TIM_ClearOC1Ref), (12 bytes).
    Removing stm32f10x_tim.o(i.TIM_ClearOC2Ref), (20 bytes).
    Removing stm32f10x_tim.o(i.TIM_ClearOC3Ref), (12 bytes).
    Removing stm32f10x_tim.o(i.TIM_ClearOC4Ref), (20 bytes).
    Removing stm32f10x_tim.o(i.TIM_CounterModeConfig), (12 bytes).
    Removing stm32f10x_tim.o(i.TIM_CtrlPWMOutputs), (22 bytes).
    Removing stm32f10x_tim.o(i.TIM_DMACmd), (16 bytes).
    Removing stm32f10x_tim.o(i.TIM_DMAConfig), (8 bytes).
    Removing stm32f10x_tim.o(i.TIM_DeInit), (200 bytes).
    Removing stm32f10x_tim.o(i.TIM_ETRClockMode1Config), (18 bytes).
    Removing stm32f10x_tim.o(i.TIM_ETRClockMode2Config), (18 bytes).
    Removing stm32f10x_tim.o(i.TIM_ETRConfig), (24 bytes).
    Removing stm32f10x_tim.o(i.TIM_EncoderInterfaceConfig), (50 bytes).
    Removing stm32f10x_tim.o(i.TIM_ForcedOC1Config), (12 bytes).
    Removing stm32f10x_tim.o(i.TIM_ForcedOC2Config), (20 bytes).
    Removing stm32f10x_tim.o(i.TIM_ForcedOC3Config), (12 bytes).
    Removing stm32f10x_tim.o(i.TIM_ForcedOC4Config), (20 bytes).
    Removing stm32f10x_tim.o(i.TIM_GenerateEvent), (4 bytes).
    Removing stm32f10x_tim.o(i.TIM_GetCapture1), (4 bytes).
    Removing stm32f10x_tim.o(i.TIM_GetCapture2), (4 bytes).
    Removing stm32f10x_tim.o(i.TIM_GetCapture3), (4 bytes).
    Removing stm32f10x_tim.o(i.TIM_GetCapture4), (6 bytes).
    Removing stm32f10x_tim.o(i.TIM_GetCounter), (4 bytes).
    Removing stm32f10x_tim.o(i.TIM_GetFlagStatus), (14 bytes).
    Removing stm32f10x_tim.o(i.TIM_GetPrescaler), (4 bytes).
    Removing stm32f10x_tim.o(i.TIM_ICInit), (296 bytes).
    Removing stm32f10x_tim.o(i.TIM_ICStructInit), (16 bytes).
    Removing stm32f10x_tim.o(i.TIM_ITRxExternalClockConfig), (18 bytes).
    Removing stm32f10x_tim.o(i.TIM_InternalClockConfig), (10 bytes).
    Removing stm32f10x_tim.o(i.TIM_OC1FastConfig), (12 bytes).
    Removing stm32f10x_tim.o(i.TIM_OC1Init), (96 bytes).
    Removing stm32f10x_tim.o(i.TIM_OC1NPolarityConfig), (12 bytes).
    Removing stm32f10x_tim.o(i.TIM_OC1PolarityConfig), (12 bytes).
    Removing stm32f10x_tim.o(i.TIM_OC1PreloadConfig), (12 bytes).
    Removing stm32f10x_tim.o(i.TIM_OC2FastConfig), (20 bytes).
    Removing stm32f10x_tim.o(i.TIM_OC2Init), (128 bytes).
    Removing stm32f10x_tim.o(i.TIM_OC2NPolarityConfig), (20 bytes).
    Removing stm32f10x_tim.o(i.TIM_OC2PolarityConfig), (20 bytes).
    Removing stm32f10x_tim.o(i.TIM_OC2PreloadConfig), (20 bytes).
    Removing stm32f10x_tim.o(i.TIM_OC3FastConfig), (12 bytes).
    Removing stm32f10x_tim.o(i.TIM_OC3Init), (124 bytes).
    Removing stm32f10x_tim.o(i.TIM_OC3NPolarityConfig), (20 bytes).
    Removing stm32f10x_tim.o(i.TIM_OC3PolarityConfig), (20 bytes).
    Removing stm32f10x_tim.o(i.TIM_OC3PreloadConfig), (12 bytes).
    Removing stm32f10x_tim.o(i.TIM_OC4FastConfig), (20 bytes).
    Removing stm32f10x_tim.o(i.TIM_OC4Init), (100 bytes).
    Removing stm32f10x_tim.o(i.TIM_OC4PolarityConfig), (20 bytes).
    Removing stm32f10x_tim.o(i.TIM_OC4PreloadConfig), (20 bytes).
    Removing stm32f10x_tim.o(i.TIM_OCStructInit), (20 bytes).
    Removing stm32f10x_tim.o(i.TIM_PWMIConfig), (108 bytes).
    Removing stm32f10x_tim.o(i.TIM_PrescalerConfig), (6 bytes).
    Removing stm32f10x_tim.o(i.TIM_SelectCCDMA), (20 bytes).
    Removing stm32f10x_tim.o(i.TIM_SelectCOM), (20 bytes).
    Removing stm32f10x_tim.o(i.TIM_SelectHallSensor), (20 bytes).
    Removing stm32f10x_tim.o(i.TIM_SelectInputTrigger), (12 bytes).
    Removing stm32f10x_tim.o(i.TIM_SelectMasterSlaveMode), (16 bytes).
    Removing stm32f10x_tim.o(i.TIM_SelectOCxM), (70 bytes).
    Removing stm32f10x_tim.o(i.TIM_SelectOnePulseMode), (16 bytes).
    Removing stm32f10x_tim.o(i.TIM_SelectOutputTrigger), (16 bytes).
    Removing stm32f10x_tim.o(i.TIM_SelectSlaveMode), (16 bytes).
    Removing stm32f10x_tim.o(i.TIM_SetAutoreload), (4 bytes).
    Removing stm32f10x_tim.o(i.TIM_SetClockDivision), (16 bytes).
    Removing stm32f10x_tim.o(i.TIM_SetCompare1), (4 bytes).
    Removing stm32f10x_tim.o(i.TIM_SetCompare2), (4 bytes).
    Removing stm32f10x_tim.o(i.TIM_SetCompare3), (4 bytes).
    Removing stm32f10x_tim.o(i.TIM_SetCompare4), (6 bytes).
    Removing stm32f10x_tim.o(i.TIM_SetCounter), (4 bytes).
    Removing stm32f10x_tim.o(i.TIM_SetIC1Prescaler), (16 bytes).
    Removing stm32f10x_tim.o(i.TIM_SetIC2Prescaler), (24 bytes).
    Removing stm32f10x_tim.o(i.TIM_SetIC3Prescaler), (16 bytes).
    Removing stm32f10x_tim.o(i.TIM_SetIC4Prescaler), (24 bytes).
    Removing stm32f10x_tim.o(i.TIM_TIxExternalClockConfig), (46 bytes).
    Removing stm32f10x_tim.o(i.TIM_TimeBaseStructInit), (18 bytes).
    Removing stm32f10x_tim.o(i.TIM_UpdateDisableConfig), (20 bytes).
    Removing stm32f10x_tim.o(i.TIM_UpdateRequestConfig), (20 bytes).
    Removing startup_stm32f10x_md.o(HEAP), (0 bytes).
    Removing system_stm32f10x.o(.constdata), (4 bytes).
    Removing system_stm32f10x.o(.constdata), (4 bytes).
    Removing system_stm32f10x.o(.constdata), (4 bytes).
    Removing system_stm32f10x.o(.constdata), (4 bytes).
    Removing system_stm32f10x.o(.constdata), (4 bytes).
    Removing core_cm3.o(.emb_text), (32 bytes).

243 unused section(s) (total 9232 bytes) removed from the image.

==============================================================================

Image Symbol Table

    Local Symbols

    Symbol Name                              Value     Ov Type        Size  Object(Section)

    ../clib/../cmprslib/zerorunl2.c          0x00000000   Number         0  __dczerorl2.o ABSOLUTE
    ../clib/microlib/init/entry.s            0x00000000   Number         0  entry7a.o ABSOLUTE
    ../clib/microlib/init/entry.s            0x00000000   Number         0  entry10a.o ABSOLUTE
    ../clib/microlib/init/entry.s            0x00000000   Number         0  entry9b.o ABSOLUTE
    ../clib/microlib/init/entry.s            0x00000000   Number         0  entry5.o ABSOLUTE
    ../clib/microlib/init/entry.s            0x00000000   Number         0  entry9a.o ABSOLUTE
    ../clib/microlib/init/entry.s            0x00000000   Number         0  entry8b.o ABSOLUTE
    ../clib/microlib/init/entry.s            0x00000000   Number         0  entry8a.o ABSOLUTE
    ../clib/microlib/init/entry.s            0x00000000   Number         0  entry7b.o ABSOLUTE
    ../clib/microlib/init/entry.s            0x00000000   Number         0  entry.o ABSOLUTE
    ../clib/microlib/init/entry.s            0x00000000   Number         0  entry11b.o ABSOLUTE
    ../clib/microlib/init/entry.s            0x00000000   Number         0  entry11a.o ABSOLUTE
    ../clib/microlib/init/entry.s            0x00000000   Number         0  entry10b.o ABSOLUTE
    ../clib/microlib/init/entry.s            0x00000000   Number         0  entry2.o ABSOLUTE
    ..\..\..\Libraries\CMSIS\Core\CM3\core_cm3.c 0x00000000   Number         0  core_cm3.o ABSOLUTE
    ..\..\..\Libraries\CMSIS\Core\CM3\startup\arm\startup_stm32f10x_md.s 0x00000000   Number         0  startup_stm32f10x_md.o ABSOLUTE
    ..\..\..\Libraries\CMSIS\Core\CM3\system_stm32f10x.c 0x00000000   Number         0  system_stm32f10x.o ABSOLUTE
    ..\..\..\Libraries\STM32F10x_StdPeriph_Driver\src\misc.c 0x00000000   Number         0  misc.o ABSOLUTE
    ..\..\..\Libraries\STM32F10x_StdPeriph_Driver\src\stm32f10x_adc.c 0x00000000   Number         0  stm32f10x_adc.o ABSOLUTE
    ..\..\..\Libraries\STM32F10x_StdPeriph_Driver\src\stm32f10x_dma.c 0x00000000   Number         0  stm32f10x_dma.o ABSOLUTE
    ..\..\..\Libraries\STM32F10x_StdPeriph_Driver\src\stm32f10x_exti.c 0x00000000   Number         0  stm32f10x_exti.o ABSOLUTE
    ..\..\..\Libraries\STM32F10x_StdPeriph_Driver\src\stm32f10x_gpio.c 0x00000000   Number         0  stm32f10x_gpio.o ABSOLUTE
    ..\..\..\Libraries\STM32F10x_StdPeriph_Driver\src\stm32f10x_rcc.c 0x00000000   Number         0  stm32f10x_rcc.o ABSOLUTE
    ..\..\..\Libraries\STM32_USB-FS-Device_Driver\src\usb_core.c 0x00000000   Number         0  usb_core.o ABSOLUTE
    ..\..\..\Libraries\STM32_USB-FS-Device_Driver\src\usb_init.c 0x00000000   Number         0  usb_init.o ABSOLUTE
    ..\..\..\Libraries\STM32_USB-FS-Device_Driver\src\usb_int.c 0x00000000   Number         0  usb_int.o ABSOLUTE
    ..\..\..\Libraries\STM32_USB-FS-Device_Driver\src\usb_mem.c 0x00000000   Number         0  usb_mem.o ABSOLUTE
    ..\..\..\Libraries\STM32_USB-FS-Device_Driver\src\usb_regs.c 0x00000000   Number         0  usb_regs.o ABSOLUTE
    ..\\..\\..\\Libraries\\CMSIS\\Core\\CM3\\core_cm3.c 0x00000000   Number         0  core_cm3.o ABSOLUTE
    ..\src\hw_config.c                       0x00000000   Number         0  hw_config.o ABSOLUTE
    ..\src\main.c                            0x00000000   Number         0  main.o ABSOLUTE
    ..\src\stm32f10x_it.c                    0x00000000   Number         0  stm32f10x_it.o ABSOLUTE
    ..\src\stm32f10x_tim.c                   0x00000000   Number         0  stm32f10x_tim.o ABSOLUTE
    ..\src\usb_desc.c                        0x00000000   Number         0  usb_desc.o ABSOLUTE
    ..\src\usb_endp.c                        0x00000000   Number         0  usb_endp.o ABSOLUTE
    ..\src\usb_istr.c                        0x00000000   Number         0  usb_istr.o ABSOLUTE
    ..\src\usb_prop.c                        0x00000000   Number         0  usb_prop.o ABSOLUTE
    ..\src\usb_pwr.c                         0x00000000   Number         0  usb_pwr.o ABSOLUTE
    dc.s                                     0x00000000   Number         0  dc.o ABSOLUTE
    handlers.s                               0x00000000   Number         0  handlers.o ABSOLUTE
    init.s                                   0x00000000   Number         0  init.o ABSOLUTE
    RESET                                    0x08000000   Section      236  startup_stm32f10x_md.o(RESET)
    .ARM.Collect$$$$00000000                 0x080000ec   Section        0  entry.o(.ARM.Collect$$$$00000000)
    .ARM.Collect$$$$00000001                 0x080000ec   Section        4  entry2.o(.ARM.Collect$$$$00000001)
    .ARM.Collect$$$$00000004                 0x080000f0   Section        4  entry5.o(.ARM.Collect$$$$00000004)
    .ARM.Collect$$$$00000008                 0x080000f4   Section        0  entry7b.o(.ARM.Collect$$$$00000008)
    .ARM.Collect$$$$0000000A                 0x080000f4   Section        0  entry8b.o(.ARM.Collect$$$$0000000A)
    .ARM.Collect$$$$0000000B                 0x080000f4   Section        8  entry9a.o(.ARM.Collect$$$$0000000B)
    .ARM.Collect$$$$0000000D                 0x080000fc   Section        0  entry10a.o(.ARM.Collect$$$$0000000D)
    .ARM.Collect$$$$0000000F                 0x080000fc   Section        0  entry11a.o(.ARM.Collect$$$$0000000F)
    .ARM.Collect$$$$00002712                 0x080000fc   Section        4  entry2.o(.ARM.Collect$$$$00002712)
    __lit__00000000                          0x080000fc   Data           4  entry2.o(.ARM.Collect$$$$00002712)
    .text                                    0x08000100   Section       28  startup_stm32f10x_md.o(.text)
    .text                                    0x0800011c   Section       36  init.o(.text)
    .text                                    0x08000140   Section        0  __dczerorl2.o(.text)
    i.ADC1_Configuration                     0x08000198   Section        0  hw_config.o(i.ADC1_Configuration)
    i.ADC_ClearFlag                          0x080002dc   Section        0  stm32f10x_adc.o(i.ADC_ClearFlag)
    i.ADC_Cmd                                0x080002e2   Section        0  stm32f10x_adc.o(i.ADC_Cmd)
    i.ADC_DATA_SEND                          0x080002f8   Section        0  main.o(i.ADC_DATA_SEND)
    i.ADC_DMACmd                             0x08000474   Section        0  stm32f10x_adc.o(i.ADC_DMACmd)
    i.ADC_Data_Process                       0x08000488   Section        0  main.o(i.ADC_Data_Process)
    i.ADC_DeInit                             0x08000724   Section        0  stm32f10x_adc.o(i.ADC_DeInit)
    i.ADC_GetCalibrationStatus               0x08000760   Section        0  stm32f10x_adc.o(i.ADC_GetCalibrationStatus)
    i.ADC_GetResetCalibrationStatus          0x0800076e   Section        0  stm32f10x_adc.o(i.ADC_GetResetCalibrationStatus)
    i.ADC_ITConfig                           0x0800077c   Section        0  stm32f10x_adc.o(i.ADC_ITConfig)
    i.ADC_Init                               0x08000790   Section        0  stm32f10x_adc.o(i.ADC_Init)
    i.ADC_RegularChannelConfig               0x080007d8   Section        0  stm32f10x_adc.o(i.ADC_RegularChannelConfig)
    i.ADC_ResetCalibration                   0x0800084c   Section        0  stm32f10x_adc.o(i.ADC_ResetCalibration)
    i.ADC_SoftwareStartConvCmd               0x08000856   Section        0  stm32f10x_adc.o(i.ADC_SoftwareStartConvCmd)
    i.ADC_Sort                               0x0800086a   Section        0  main.o(i.ADC_Sort)
    i.ADC_StartCalibration                   0x080008a6   Section        0  stm32f10x_adc.o(i.ADC_StartCalibration)
    i.ADC_StartConvert                       0x080008b0   Section        0  main.o(i.ADC_StartConvert)
    i.BusFault_Handler                       0x08000920   Section        0  stm32f10x_it.o(i.BusFault_Handler)
    i.ByteSwap                               0x08000922   Section        0  usb_regs.o(i.ByteSwap)
    i.CTR_LP                                 0x0800092c   Section        0  usb_int.o(i.CTR_LP)
    i.ClearDTOG_RX                           0x08000a84   Section        0  usb_regs.o(i.ClearDTOG_RX)
    i.ClearDTOG_TX                           0x08000aac   Section        0  usb_regs.o(i.ClearDTOG_TX)
    i.Clear_Status_Out                       0x08000ad4   Section        0  usb_regs.o(i.Clear_Status_Out)
    i.CustomHID_Data_Setup                   0x08000af0   Section        0  usb_prop.o(i.CustomHID_Data_Setup)
    i.CustomHID_GetConfigDescriptor          0x08000b4c   Section        0  usb_prop.o(i.CustomHID_GetConfigDescriptor)
    i.CustomHID_GetDeviceDescriptor          0x08000b58   Section        0  usb_prop.o(i.CustomHID_GetDeviceDescriptor)
    i.CustomHID_GetHIDDescriptor             0x08000b64   Section        0  usb_prop.o(i.CustomHID_GetHIDDescriptor)
    i.CustomHID_GetProtocolValue             0x08000b70   Section        0  usb_prop.o(i.CustomHID_GetProtocolValue)
    i.CustomHID_GetReportDescriptor          0x08000b8c   Section        0  usb_prop.o(i.CustomHID_GetReportDescriptor)
    i.CustomHID_GetStringDescriptor          0x08000b98   Section        0  usb_prop.o(i.CustomHID_GetStringDescriptor)
    i.CustomHID_Get_Interface_Setting        0x08000bb8   Section        0  usb_prop.o(i.CustomHID_Get_Interface_Setting)
    i.CustomHID_NoData_Setup                 0x08000bc4   Section        0  usb_prop.o(i.CustomHID_NoData_Setup)
    i.CustomHID_Reset                        0x08000be4   Section        0  usb_prop.o(i.CustomHID_Reset)
    i.CustomHID_SetConfiguration             0x08000cd0   Section        0  usb_prop.o(i.CustomHID_SetConfiguration)
    i.CustomHID_SetDeviceAddress             0x08000cf8   Section        0  usb_prop.o(i.CustomHID_SetDeviceAddress)
    i.CustomHID_SetProtocol                  0x08000d04   Section        0  usb_prop.o(i.CustomHID_SetProtocol)
    i.CustomHID_Status_In                    0x08000d1c   Section        0  usb_prop.o(i.CustomHID_Status_In)
    i.CustomHID_Status_Out                   0x08000d1e   Section        0  usb_prop.o(i.CustomHID_Status_Out)
    i.CustomHID_init                         0x08000d20   Section        0  usb_prop.o(i.CustomHID_init)
    i.DMA_ClearFlag                          0x08000d5c   Section        0  stm32f10x_dma.o(i.DMA_ClearFlag)
    i.DMA_Cmd                                0x08000d74   Section        0  stm32f10x_dma.o(i.DMA_Cmd)
    i.DMA_DeInit                             0x08000d88   Section        0  stm32f10x_dma.o(i.DMA_DeInit)
    i.DMA_GetFlagStatus                      0x08000e60   Section        0  stm32f10x_dma.o(i.DMA_GetFlagStatus)
    i.DMA_Init                               0x08000e80   Section        0  stm32f10x_dma.o(i.DMA_Init)
    i.DataStageIn                            0x08000ebc   Section        0  usb_core.o(i.DataStageIn)
    DataStageIn                              0x08000ebd   Thumb Code   156  usb_core.o(i.DataStageIn)
    i.DataStageOut                           0x08000f70   Section        0  usb_core.o(i.DataStageOut)
    DataStageOut                             0x08000f71   Thumb Code   142  usb_core.o(i.DataStageOut)
    i.Data_Setup0                            0x08001014   Section        0  usb_core.o(i.Data_Setup0)
    Data_Setup0                              0x08001015   Thumb Code   376  usb_core.o(i.Data_Setup0)
    i.DebugMon_Handler                       0x080011b0   Section        0  stm32f10x_it.o(i.DebugMon_Handler)
    i.EC_GET                                 0x080011b4   Section        0  main.o(i.EC_GET)
    i.ENCODER_LED_INIT                       0x080012c0   Section        0  main.o(i.ENCODER_LED_INIT)
    i.ENCODER_SCAN                           0x08001368   Section        0  main.o(i.ENCODER_SCAN)
    i.EP1_OUT_Callback                       0x08001930   Section        0  usb_endp.o(i.EP1_OUT_Callback)
    i.Enter_LowPowerMode                     0x08001958   Section        0  hw_config.o(i.Enter_LowPowerMode)
    i.GPIO_Configuration                     0x08001964   Section        0  hw_config.o(i.GPIO_Configuration)
    i.GPIO_Init                              0x08001af4   Section        0  stm32f10x_gpio.o(i.GPIO_Init)
    i.GPIO_PinRemapConfig                    0x08001b98   Section        0  stm32f10x_gpio.o(i.GPIO_PinRemapConfig)
    i.GPIO_ReadInputDataBit                  0x08001be0   Section        0  stm32f10x_gpio.o(i.GPIO_ReadInputDataBit)
    i.GPIO_ResetBits                         0x08001bee   Section        0  stm32f10x_gpio.o(i.GPIO_ResetBits)
    i.GPIO_SetBits                           0x08001bf2   Section        0  stm32f10x_gpio.o(i.GPIO_SetBits)
    i.GetEPRxAddr                            0x08001bf8   Section        0  usb_regs.o(i.GetEPRxAddr)
    i.GetEPTxAddr                            0x08001c18   Section        0  usb_regs.o(i.GetEPTxAddr)
    i.Get_SerialNum                          0x08001c34   Section        0  hw_config.o(i.Get_SerialNum)
    i.HardFault_Handler                      0x08001c7c   Section        0  stm32f10x_it.o(i.HardFault_Handler)
    i.In0_Process                            0x08001c80   Section        0  usb_core.o(i.In0_Process)
    i.KEY_LED_OFF                            0x08001cdc   Section        0  main.o(i.KEY_LED_OFF)
    i.KEY_SCAN                               0x08001d6c   Section        0  main.o(i.KEY_SCAN)
    i.KEY_VALUE_CAL_1                        0x08001e34   Section        0  main.o(i.KEY_VALUE_CAL_1)
    i.KEY_VALUE_CAL_3                        0x08002328   Section        0  main.o(i.KEY_VALUE_CAL_3)
    i.KEY_VALUE_CAL_5                        0x08002850   Section        0  main.o(i.KEY_VALUE_CAL_5)
    i.KEY_VALUE_CAL_7                        0x08002d44   Section        0  main.o(i.KEY_VALUE_CAL_7)
    i.KEY_VALUE_CAL_9                        0x08003258   Section        0  main.o(i.KEY_VALUE_CAL_9)
    i.LED_DECODE                             0x08003674   Section        0  main.o(i.LED_DECODE)
    i.LED_DISPLAY                            0x0800427c   Section        0  main.o(i.LED_DISPLAY)
    i.LED_DISPLAY_VMIX                       0x08004478   Section        0  main.o(i.LED_DISPLAY_VMIX)
    i.Leave_LowPowerMode                     0x08004630   Section        0  hw_config.o(i.Leave_LowPowerMode)
    i.MemManage_Handler                      0x0800464c   Section        0  stm32f10x_it.o(i.MemManage_Handler)
    i.NMI_Handler                            0x0800464e   Section        0  stm32f10x_it.o(i.NMI_Handler)
    i.NOP_Process                            0x08004650   Section        0  usb_core.o(i.NOP_Process)
    i.NVIC_Configuration                     0x08004652   Section        0  hw_config.o(i.NVIC_Configuration)
    i.NVIC_Init                              0x08004688   Section        0  misc.o(i.NVIC_Init)
    i.NVIC_PriorityGroupConfig               0x080046ec   Section        0  misc.o(i.NVIC_PriorityGroupConfig)
    i.NVIC_SetVectorTable                    0x08004700   Section        0  misc.o(i.NVIC_SetVectorTable)
    i.NoData_Setup0                          0x08004714   Section        0  usb_core.o(i.NoData_Setup0)
    NoData_Setup0                            0x08004715   Thumb Code   196  usb_core.o(i.NoData_Setup0)
    i.Out0_Process                           0x080047ec   Section        0  usb_core.o(i.Out0_Process)
    i.PMAToUserBufferCopy                    0x0800482c   Section        0  usb_mem.o(i.PMAToUserBufferCopy)
    i.PendSV_Handler                         0x0800484c   Section        0  stm32f10x_it.o(i.PendSV_Handler)
    i.Post0_Process                          0x08004850   Section        0  usb_core.o(i.Post0_Process)
    i.PowerOn                                0x08004894   Section        0  usb_pwr.o(i.PowerOn)
    i.RCC_ADCCLKConfig                       0x080048c0   Section        0  stm32f10x_rcc.o(i.RCC_ADCCLKConfig)
    i.RCC_AHBPeriphClockCmd                  0x080048d4   Section        0  stm32f10x_rcc.o(i.RCC_AHBPeriphClockCmd)
    i.RCC_APB1PeriphClockCmd                 0x080048ec   Section        0  stm32f10x_rcc.o(i.RCC_APB1PeriphClockCmd)
    i.RCC_APB2PeriphClockCmd                 0x08004904   Section        0  stm32f10x_rcc.o(i.RCC_APB2PeriphClockCmd)
    i.RCC_APB2PeriphResetCmd                 0x0800491c   Section        0  stm32f10x_rcc.o(i.RCC_APB2PeriphResetCmd)
    i.RCC_USBCLKConfig                       0x08004934   Section        0  stm32f10x_rcc.o(i.RCC_USBCLKConfig)
    i.Resume                                 0x08004940   Section        0  usb_pwr.o(i.Resume)
    i.Resume_Init                            0x080049bc   Section        0  usb_pwr.o(i.Resume_Init)
    i.SEND_EC_VALUE                          0x080049dc   Section        0  main.o(i.SEND_EC_VALUE)
    i.SEND_KEY_VALUE                         0x08004a24   Section        0  main.o(i.SEND_KEY_VALUE)
    i.SVC_Handler                            0x08005cc8   Section        0  stm32f10x_it.o(i.SVC_Handler)
    i.SetBTABLE                              0x08005ccc   Section        0  usb_regs.o(i.SetBTABLE)
    i.SetDeviceAddress                       0x08005cdc   Section        0  usb_core.o(i.SetDeviceAddress)
    i.SetEPRxAddr                            0x08005d1c   Section        0  usb_regs.o(i.SetEPRxAddr)
    i.SetEPRxCount                           0x08005d3c   Section        0  usb_regs.o(i.SetEPRxCount)
    i.SetEPRxStatus                          0x08005d7c   Section        0  usb_regs.o(i.SetEPRxStatus)
    i.SetEPRxValid                           0x08005da8   Section        0  usb_regs.o(i.SetEPRxValid)
    i.SetEPTxAddr                            0x08005dc8   Section        0  usb_regs.o(i.SetEPTxAddr)
    i.SetEPTxCount                           0x08005de8   Section        0  usb_regs.o(i.SetEPTxCount)
    i.SetEPTxStatus                          0x08005e04   Section        0  usb_regs.o(i.SetEPTxStatus)
    i.SetEPTxValid                           0x08005e30   Section        0  usb_regs.o(i.SetEPTxValid)
    i.SetEPType                              0x08005e50   Section        0  usb_regs.o(i.SetEPType)
    i.SetSysClockTo72                        0x08005e6c   Section        0  system_stm32f10x.o(i.SetSysClockTo72)
    SetSysClockTo72                          0x08005e6d   Thumb Code   160  system_stm32f10x.o(i.SetSysClockTo72)
    i.Set_System                             0x08005f14   Section        0  hw_config.o(i.Set_System)
    i.Set_USBClock                           0x08005f22   Section        0  hw_config.o(i.Set_USBClock)
    i.Setup0_Process                         0x08005f38   Section        0  usb_core.o(i.Setup0_Process)
    i.Standard_ClearFeature                  0x08005fa0   Section        0  usb_core.o(i.Standard_ClearFeature)
    i.Standard_GetConfiguration              0x08006090   Section        0  usb_core.o(i.Standard_GetConfiguration)
    i.Standard_GetDescriptorData             0x080060b8   Section        0  usb_core.o(i.Standard_GetDescriptorData)
    i.Standard_GetInterface                  0x080060d4   Section        0  usb_core.o(i.Standard_GetInterface)
    i.Standard_GetStatus                     0x080060fc   Section        0  usb_core.o(i.Standard_GetStatus)
    i.Standard_SetConfiguration              0x08006188   Section        0  usb_core.o(i.Standard_SetConfiguration)
    i.Standard_SetDeviceFeature              0x080061c0   Section        0  usb_core.o(i.Standard_SetDeviceFeature)
    i.Standard_SetEndPointFeature            0x080061e4   Section        0  usb_core.o(i.Standard_SetEndPointFeature)
    i.Standard_SetInterface                  0x08006264   Section        0  usb_core.o(i.Standard_SetInterface)
    i.Suspend                                0x080062ac   Section        0  usb_pwr.o(i.Suspend)
    i.SysTick_Handler                        0x080062cc   Section        0  stm32f10x_it.o(i.SysTick_Handler)
    i.SystemInit                             0x080062d0   Section        0  system_stm32f10x.o(i.SystemInit)
    i.TIM2_IRQHandler                        0x08006310   Section        0  stm32f10x_it.o(i.TIM2_IRQHandler)
    i.TIM_ClearFlag                          0x0800636c   Section        0  stm32f10x_tim.o(i.TIM_ClearFlag)
    i.TIM_ClearITPendingBit                  0x08006372   Section        0  stm32f10x_tim.o(i.TIM_ClearITPendingBit)
    i.TIM_Cmd                                0x08006378   Section        0  stm32f10x_tim.o(i.TIM_Cmd)
    i.TIM_GetITStatus                        0x0800638c   Section        0  stm32f10x_tim.o(i.TIM_GetITStatus)
    i.TIM_ITConfig                           0x080063a4   Section        0  stm32f10x_tim.o(i.TIM_ITConfig)
    i.TIM_TimeBaseInit                       0x080063b4   Section        0  stm32f10x_tim.o(i.TIM_TimeBaseInit)
    i.Timer2_Configuration                   0x08006430   Section        0  hw_config.o(i.Timer2_Configuration)
    i.USB_Cable_Config                       0x08006480   Section        0  hw_config.o(i.USB_Cable_Config)
    i.USB_Init                               0x08006498   Section        0  usb_init.o(i.USB_Init)
    i.USB_Interrupts_Config                  0x080064c0   Section        0  hw_config.o(i.USB_Interrupts_Config)
    i.USB_Istr                               0x080064e0   Section        0  usb_istr.o(i.USB_Istr)
    i.USB_LP_CAN1_RX0_IRQHandler             0x0800659c   Section        0  stm32f10x_it.o(i.USB_LP_CAN1_RX0_IRQHandler)
    i.UsageFault_Handler                     0x080065a0   Section        0  stm32f10x_it.o(i.UsageFault_Handler)
    i.UserToPMABufferCopy                    0x080065a4   Section        0  usb_mem.o(i.UserToPMABufferCopy)
    i.__scatterload_copy                     0x080065d0   Section       14  handlers.o(i.__scatterload_copy)
    i.__scatterload_null                     0x080065de   Section        2  handlers.o(i.__scatterload_null)
    i.__scatterload_zeroinit                 0x080065e0   Section       14  handlers.o(i.__scatterload_zeroinit)
    i.ch451_dl_reset                         0x080065f0   Section        0  main.o(i.ch451_dl_reset)
    i.ch451_dl_set                           0x08006664   Section        0  main.o(i.ch451_dl_set)
    i.ch451_do_get                           0x080066d8   Section        0  main.o(i.ch451_do_get)
    i.ch451_init                             0x080067ac   Section        0  main.o(i.ch451_init)
    i.ch451_read                             0x08006878   Section        0  main.o(i.ch451_read)
    i.ch451_write                            0x08006944   Section        0  main.o(i.ch451_write)
    i.delay_1us                              0x08006a3c   Section        0  main.o(i.delay_1us)
    i.delay_ms                               0x08006a56   Section        0  main.o(i.delay_ms)
    i.main                                   0x08006a74   Section        0  main.o(i.main)
    .constdata                               0x08006f44   Section       18  usb_desc.o(.constdata)
    .constdata                               0x08006f56   Section       97  usb_desc.o(.constdata)
    .constdata                               0x08006fb7   Section       33  usb_desc.o(.constdata)
    .constdata                               0x08006fd8   Section        4  usb_desc.o(.constdata)
    .constdata                               0x08006fdc   Section       38  usb_desc.o(.constdata)
    .constdata                               0x08007002   Section       14  usb_desc.o(.constdata)
    .data                                    0x20000000   Section        4  hw_config.o(.data)
    .data                                    0x20000004   Section        4  hw_config.o(.data)
    .data                                    0x20000008   Section      124  main.o(.data)
    .data                                    0x20000084   Section        4  main.o(.data)
    .data                                    0x20000088   Section       26  usb_desc.o(.data)
    .data                                    0x200000a2   Section        4  usb_istr.o(.data)
    .data                                    0x200000a8   Section       28  usb_istr.o(.data)
    .data                                    0x200000c4   Section       28  usb_istr.o(.data)
    .data                                    0x200000e0   Section        2  usb_prop.o(.data)
    .data                                    0x200000e4   Section      116  usb_prop.o(.data)
    .data                                    0x20000158   Section       36  usb_prop.o(.data)
    .data                                    0x2000017c   Section        4  usb_pwr.o(.data)
    .data                                    0x20000180   Section        1  usb_pwr.o(.data)
    .data                                    0x20000181   Section        2  usb_pwr.o(.data)
    .data                                    0x20000184   Section        4  usb_core.o(.data)
    .data                                    0x20000188   Section        1  usb_init.o(.data)
    .data                                    0x2000018c   Section       12  usb_init.o(.data)
    .data                                    0x20000198   Section        2  usb_init.o(.data)
    .data                                    0x2000019a   Section        4  usb_int.o(.data)
    .bss                                     0x200001a0   Section      796  main.o(.bss)
    .bss                                     0x200004bc   Section       28  usb_init.o(.bss)
    STACK                                    0x200004d8   Section      512  startup_stm32f10x_md.o(STACK)

    Global Symbols

    Symbol Name                              Value     Ov Type        Size  Object(Section)

    BuildAttributes$$THM_ISAv4$P$D$K$B$S$PE$A:L22UL41UL21$X:L11$S22US41US21$IEEE1$IW$USESV6$~STKCKD$USESV7$~SHL$OSPACE$EBA8$MICROLIB$REQ8$PRES8$EABIv2 0x00000000   Number         0  anon$$obj.o ABSOLUTE
    __ARM_use_no_argv                        0x00000000   Number         0  main.o ABSOLUTE
    __cpp_initialize__aeabi_                  - Undefined Weak Reference
    __cxa_finalize                            - Undefined Weak Reference
    _clock_init                               - Undefined Weak Reference
    _microlib_exit                            - Undefined Weak Reference
    __Vectors_Size                           0x000000ec   Number         0  startup_stm32f10x_md.o ABSOLUTE
    __Vectors                                0x08000000   Data           4  startup_stm32f10x_md.o(RESET)
    __Vectors_End                            0x080000ec   Data           0  startup_stm32f10x_md.o(RESET)
    __main                                   0x080000ed   Thumb Code     0  entry.o(.ARM.Collect$$$$00000000)
    _main_stk                                0x080000ed   Thumb Code     0  entry2.o(.ARM.Collect$$$$00000001)
    _main_scatterload                        0x080000f1   Thumb Code     0  entry5.o(.ARM.Collect$$$$00000004)
    __main_after_scatterload                 0x080000f5   Thumb Code     0  entry5.o(.ARM.Collect$$$$00000004)
    _main_clock                              0x080000f5   Thumb Code     0  entry7b.o(.ARM.Collect$$$$00000008)
    _main_cpp_init                           0x080000f5   Thumb Code     0  entry8b.o(.ARM.Collect$$$$0000000A)
    _main_init                               0x080000f5   Thumb Code     0  entry9a.o(.ARM.Collect$$$$0000000B)
    __rt_final_cpp                           0x080000fd   Thumb Code     0  entry10a.o(.ARM.Collect$$$$0000000D)
    __rt_final_exit                          0x080000fd   Thumb Code     0  entry11a.o(.ARM.Collect$$$$0000000F)
    Reset_Handler                            0x08000101   Thumb Code     4  startup_stm32f10x_md.o(.text)
    ADC1_2_IRQHandler                        0x08000117   Thumb Code     0  startup_stm32f10x_md.o(.text)
    CAN1_RX1_IRQHandler                      0x08000117   Thumb Code     0  startup_stm32f10x_md.o(.text)
    CAN1_SCE_IRQHandler                      0x08000117   Thumb Code     0  startup_stm32f10x_md.o(.text)
    DMA1_Channel1_IRQHandler                 0x08000117   Thumb Code     0  startup_stm32f10x_md.o(.text)
    DMA1_Channel2_IRQHandler                 0x08000117   Thumb Code     0  startup_stm32f10x_md.o(.text)
    DMA1_Channel3_IRQHandler                 0x08000117   Thumb Code     0  startup_stm32f10x_md.o(.text)
    DMA1_Channel4_IRQHandler                 0x08000117   Thumb Code     0  startup_stm32f10x_md.o(.text)
    DMA1_Channel5_IRQHandler                 0x08000117   Thumb Code     0  startup_stm32f10x_md.o(.text)
    DMA1_Channel6_IRQHandler                 0x08000117   Thumb Code     0  startup_stm32f10x_md.o(.text)
    DMA1_Channel7_IRQHandler                 0x08000117   Thumb Code     0  startup_stm32f10x_md.o(.text)
    EXTI0_IRQHandler                         0x08000117   Thumb Code     0  startup_stm32f10x_md.o(.text)
    EXTI15_10_IRQHandler                     0x08000117   Thumb Code     0  startup_stm32f10x_md.o(.text)
    EXTI1_IRQHandler                         0x08000117   Thumb Code     0  startup_stm32f10x_md.o(.text)
    EXTI2_IRQHandler                         0x08000117   Thumb Code     0  startup_stm32f10x_md.o(.text)
    EXTI3_IRQHandler                         0x08000117   Thumb Code     0  startup_stm32f10x_md.o(.text)
    EXTI4_IRQHandler                         0x08000117   Thumb Code     0  startup_stm32f10x_md.o(.text)
    EXTI9_5_IRQHandler                       0x08000117   Thumb Code     0  startup_stm32f10x_md.o(.text)
    FLASH_IRQHandler                         0x08000117   Thumb Code     0  startup_stm32f10x_md.o(.text)
    I2C1_ER_IRQHandler                       0x08000117   Thumb Code     0  startup_stm32f10x_md.o(.text)
    I2C1_EV_IRQHandler                       0x08000117   Thumb Code     0  startup_stm32f10x_md.o(.text)
    I2C2_ER_IRQHandler                       0x08000117   Thumb Code     0  startup_stm32f10x_md.o(.text)
    I2C2_EV_IRQHandler                       0x08000117   Thumb Code     0  startup_stm32f10x_md.o(.text)
    PVD_IRQHandler                           0x08000117   Thumb Code     0  startup_stm32f10x_md.o(.text)
    RCC_IRQHandler                           0x08000117   Thumb Code     0  startup_stm32f10x_md.o(.text)
    RTCAlarm_IRQHandler                      0x08000117   Thumb Code     0  startup_stm32f10x_md.o(.text)
    RTC_IRQHandler                           0x08000117   Thumb Code     0  startup_stm32f10x_md.o(.text)
    SPI1_IRQHandler                          0x08000117   Thumb Code     0  startup_stm32f10x_md.o(.text)
    SPI2_IRQHandler                          0x08000117   Thumb Code     0  startup_stm32f10x_md.o(.text)
    TAMPER_IRQHandler                        0x08000117   Thumb Code     0  startup_stm32f10x_md.o(.text)
    TIM1_BRK_IRQHandler                      0x08000117   Thumb Code     0  startup_stm32f10x_md.o(.text)
    TIM1_CC_IRQHandler                       0x08000117   Thumb Code     0  startup_stm32f10x_md.o(.text)
    TIM1_TRG_COM_IRQHandler                  0x08000117   Thumb Code     0  startup_stm32f10x_md.o(.text)
    TIM1_UP_IRQHandler                       0x08000117   Thumb Code     0  startup_stm32f10x_md.o(.text)
    TIM3_IRQHandler                          0x08000117   Thumb Code     0  startup_stm32f10x_md.o(.text)
    TIM4_IRQHandler                          0x08000117   Thumb Code     0  startup_stm32f10x_md.o(.text)
    USART1_IRQHandler                        0x08000117   Thumb Code     0  startup_stm32f10x_md.o(.text)
    USART2_IRQHandler                        0x08000117   Thumb Code     0  startup_stm32f10x_md.o(.text)
    USART3_IRQHandler                        0x08000117   Thumb Code     0  startup_stm32f10x_md.o(.text)
    USBWakeUp_IRQHandler                     0x08000117   Thumb Code     0  startup_stm32f10x_md.o(.text)
    USB_HP_CAN1_TX_IRQHandler                0x08000117   Thumb Code     0  startup_stm32f10x_md.o(.text)
    WWDG_IRQHandler                          0x08000117   Thumb Code     0  startup_stm32f10x_md.o(.text)
    __scatterload                            0x0800011d   Thumb Code    28  init.o(.text)
    __scatterload_rt2                        0x0800011d   Thumb Code     0  init.o(.text)
    __decompress                             0x08000141   Thumb Code     0  __dczerorl2.o(.text)
    __decompress1                            0x08000141   Thumb Code    86  __dczerorl2.o(.text)
    ADC1_Configuration                       0x08000199   Thumb Code   310  hw_config.o(i.ADC1_Configuration)
    ADC_ClearFlag                            0x080002dd   Thumb Code     6  stm32f10x_adc.o(i.ADC_ClearFlag)
    ADC_Cmd                                  0x080002e3   Thumb Code    20  stm32f10x_adc.o(i.ADC_Cmd)
    ADC_DATA_SEND                            0x080002f9   Thumb Code   366  main.o(i.ADC_DATA_SEND)
    ADC_DMACmd                               0x08000475   Thumb Code    20  stm32f10x_adc.o(i.ADC_DMACmd)
    ADC_Data_Process                         0x08000489   Thumb Code   654  main.o(i.ADC_Data_Process)
    ADC_DeInit                               0x08000725   Thumb Code    56  stm32f10x_adc.o(i.ADC_DeInit)
    ADC_GetCalibrationStatus                 0x08000761   Thumb Code    14  stm32f10x_adc.o(i.ADC_GetCalibrationStatus)
    ADC_GetResetCalibrationStatus            0x0800076f   Thumb Code    14  stm32f10x_adc.o(i.ADC_GetResetCalibrationStatus)
    ADC_ITConfig                             0x0800077d   Thumb Code    18  stm32f10x_adc.o(i.ADC_ITConfig)
    ADC_Init                                 0x08000791   Thumb Code    62  stm32f10x_adc.o(i.ADC_Init)
    ADC_RegularChannelConfig                 0x080007d9   Thumb Code   116  stm32f10x_adc.o(i.ADC_RegularChannelConfig)
    ADC_ResetCalibration                     0x0800084d   Thumb Code    10  stm32f10x_adc.o(i.ADC_ResetCalibration)
    ADC_SoftwareStartConvCmd                 0x08000857   Thumb Code    20  stm32f10x_adc.o(i.ADC_SoftwareStartConvCmd)
    ADC_Sort                                 0x0800086b   Thumb Code    60  main.o(i.ADC_Sort)
    ADC_StartCalibration                     0x080008a7   Thumb Code    10  stm32f10x_adc.o(i.ADC_StartCalibration)
    ADC_StartConvert                         0x080008b1   Thumb Code   102  main.o(i.ADC_StartConvert)
    BusFault_Handler                         0x08000921   Thumb Code     2  stm32f10x_it.o(i.BusFault_Handler)
    ByteSwap                                 0x08000923   Thumb Code    10  usb_regs.o(i.ByteSwap)
    CTR_LP                                   0x0800092d   Thumb Code   316  usb_int.o(i.CTR_LP)
    ClearDTOG_RX                             0x08000a85   Thumb Code    34  usb_regs.o(i.ClearDTOG_RX)
    ClearDTOG_TX                             0x08000aad   Thumb Code    34  usb_regs.o(i.ClearDTOG_TX)
    Clear_Status_Out                         0x08000ad5   Thumb Code    22  usb_regs.o(i.Clear_Status_Out)
    CustomHID_Data_Setup                     0x08000af1   Thumb Code    74  usb_prop.o(i.CustomHID_Data_Setup)
    CustomHID_GetConfigDescriptor            0x08000b4d   Thumb Code     6  usb_prop.o(i.CustomHID_GetConfigDescriptor)
    CustomHID_GetDeviceDescriptor            0x08000b59   Thumb Code     6  usb_prop.o(i.CustomHID_GetDeviceDescriptor)
    CustomHID_GetHIDDescriptor               0x08000b65   Thumb Code     6  usb_prop.o(i.CustomHID_GetHIDDescriptor)
    CustomHID_GetProtocolValue               0x08000b71   Thumb Code    18  usb_prop.o(i.CustomHID_GetProtocolValue)
    CustomHID_GetReportDescriptor            0x08000b8d   Thumb Code     6  usb_prop.o(i.CustomHID_GetReportDescriptor)
    CustomHID_GetStringDescriptor            0x08000b99   Thumb Code    24  usb_prop.o(i.CustomHID_GetStringDescriptor)
    CustomHID_Get_Interface_Setting          0x08000bb9   Thumb Code    10  usb_prop.o(i.CustomHID_Get_Interface_Setting)
    CustomHID_NoData_Setup                   0x08000bc5   Thumb Code    26  usb_prop.o(i.CustomHID_NoData_Setup)
    CustomHID_Reset                          0x08000be5   Thumb Code   220  usb_prop.o(i.CustomHID_Reset)
    CustomHID_SetConfiguration               0x08000cd1   Thumb Code    26  usb_prop.o(i.CustomHID_SetConfiguration)
    CustomHID_SetDeviceAddress               0x08000cf9   Thumb Code     8  usb_prop.o(i.CustomHID_SetDeviceAddress)
    CustomHID_SetProtocol                    0x08000d05   Thumb Code    14  usb_prop.o(i.CustomHID_SetProtocol)
    CustomHID_Status_In                      0x08000d1d   Thumb Code     2  usb_prop.o(i.CustomHID_Status_In)
    CustomHID_Status_Out                     0x08000d1f   Thumb Code     2  usb_prop.o(i.CustomHID_Status_Out)
    CustomHID_init                           0x08000d21   Thumb Code    42  usb_prop.o(i.CustomHID_init)
    DMA_ClearFlag                            0x08000d5d   Thumb Code    16  stm32f10x_dma.o(i.DMA_ClearFlag)
    DMA_Cmd                                  0x08000d75   Thumb Code    20  stm32f10x_dma.o(i.DMA_Cmd)
    DMA_DeInit                               0x08000d89   Thumb Code   200  stm32f10x_dma.o(i.DMA_DeInit)
    DMA_GetFlagStatus                        0x08000e61   Thumb Code    24  stm32f10x_dma.o(i.DMA_GetFlagStatus)
    DMA_Init                                 0x08000e81   Thumb Code    58  stm32f10x_dma.o(i.DMA_Init)
    DebugMon_Handler                         0x080011b1   Thumb Code     2  stm32f10x_it.o(i.DebugMon_Handler)
    EC_GET                                   0x080011b5   Thumb Code   250  main.o(i.EC_GET)
    ENCODER_LED_INIT                         0x080012c1   Thumb Code   166  main.o(i.ENCODER_LED_INIT)
    ENCODER_SCAN                             0x08001369   Thumb Code  1478  main.o(i.ENCODER_SCAN)
    EP1_OUT_Callback                         0x08001931   Thumb Code    32  usb_endp.o(i.EP1_OUT_Callback)
    Enter_LowPowerMode                       0x08001959   Thumb Code     8  hw_config.o(i.Enter_LowPowerMode)
    GPIO_Configuration                       0x08001965   Thumb Code   366  hw_config.o(i.GPIO_Configuration)
    GPIO_Init                                0x08001af5   Thumb Code   162  stm32f10x_gpio.o(i.GPIO_Init)
    GPIO_PinRemapConfig                      0x08001b99   Thumb Code    66  stm32f10x_gpio.o(i.GPIO_PinRemapConfig)
    GPIO_ReadInputDataBit                    0x08001be1   Thumb Code    14  stm32f10x_gpio.o(i.GPIO_ReadInputDataBit)
    GPIO_ResetBits                           0x08001bef   Thumb Code     4  stm32f10x_gpio.o(i.GPIO_ResetBits)
    GPIO_SetBits                             0x08001bf3   Thumb Code     4  stm32f10x_gpio.o(i.GPIO_SetBits)
    GetEPRxAddr                              0x08001bf9   Thumb Code    22  usb_regs.o(i.GetEPRxAddr)
    GetEPTxAddr                              0x08001c19   Thumb Code    20  usb_regs.o(i.GetEPTxAddr)
    Get_SerialNum                            0x08001c35   Thumb Code    64  hw_config.o(i.Get_SerialNum)
    HardFault_Handler                        0x08001c7d   Thumb Code     2  stm32f10x_it.o(i.HardFault_Handler)
    In0_Process                              0x08001c81   Thumb Code    80  usb_core.o(i.In0_Process)
    KEY_LED_OFF                              0x08001cdd   Thumb Code   140  main.o(i.KEY_LED_OFF)
    KEY_SCAN                                 0x08001d6d   Thumb Code   194  main.o(i.KEY_SCAN)
    KEY_VALUE_CAL_1                          0x08001e35   Thumb Code  1266  main.o(i.KEY_VALUE_CAL_1)
    KEY_VALUE_CAL_3                          0x08002329   Thumb Code  1318  main.o(i.KEY_VALUE_CAL_3)
    KEY_VALUE_CAL_5                          0x08002851   Thumb Code  1268  main.o(i.KEY_VALUE_CAL_5)
    KEY_VALUE_CAL_7                          0x08002d45   Thumb Code  1300  main.o(i.KEY_VALUE_CAL_7)
    KEY_VALUE_CAL_9                          0x08003259   Thumb Code  1052  main.o(i.KEY_VALUE_CAL_9)
    LED_DECODE                               0x08003675   Thumb Code  3076  main.o(i.LED_DECODE)
    LED_DISPLAY                              0x0800427d   Thumb Code   504  main.o(i.LED_DISPLAY)
    LED_DISPLAY_VMIX                         0x08004479   Thumb Code   434  main.o(i.LED_DISPLAY_VMIX)
    Leave_LowPowerMode                       0x08004631   Thumb Code    18  hw_config.o(i.Leave_LowPowerMode)
    MemManage_Handler                        0x0800464d   Thumb Code     2  stm32f10x_it.o(i.MemManage_Handler)
    NMI_Handler                              0x0800464f   Thumb Code     2  stm32f10x_it.o(i.NMI_Handler)
    NOP_Process                              0x08004651   Thumb Code     2  usb_core.o(i.NOP_Process)
    NVIC_Configuration                       0x08004653   Thumb Code    52  hw_config.o(i.NVIC_Configuration)
    NVIC_Init                                0x08004689   Thumb Code    94  misc.o(i.NVIC_Init)
    NVIC_PriorityGroupConfig                 0x080046ed   Thumb Code    10  misc.o(i.NVIC_PriorityGroupConfig)
    NVIC_SetVectorTable                      0x08004701   Thumb Code    12  misc.o(i.NVIC_SetVectorTable)
    Out0_Process                             0x080047ed   Thumb Code    54  usb_core.o(i.Out0_Process)
    PMAToUserBufferCopy                      0x0800482d   Thumb Code    26  usb_mem.o(i.PMAToUserBufferCopy)
    PendSV_Handler                           0x0800484d   Thumb Code     2  stm32f10x_it.o(i.PendSV_Handler)
    Post0_Process                            0x08004851   Thumb Code    52  usb_core.o(i.Post0_Process)
    PowerOn                                  0x08004895   Thumb Code    36  usb_pwr.o(i.PowerOn)
    RCC_ADCCLKConfig                         0x080048c1   Thumb Code    14  stm32f10x_rcc.o(i.RCC_ADCCLKConfig)
    RCC_AHBPeriphClockCmd                    0x080048d5   Thumb Code    18  stm32f10x_rcc.o(i.RCC_AHBPeriphClockCmd)
    RCC_APB1PeriphClockCmd                   0x080048ed   Thumb Code    18  stm32f10x_rcc.o(i.RCC_APB1PeriphClockCmd)
    RCC_APB2PeriphClockCmd                   0x08004905   Thumb Code    18  stm32f10x_rcc.o(i.RCC_APB2PeriphClockCmd)
    RCC_APB2PeriphResetCmd                   0x0800491d   Thumb Code    18  stm32f10x_rcc.o(i.RCC_APB2PeriphResetCmd)
    RCC_USBCLKConfig                         0x08004935   Thumb Code     8  stm32f10x_rcc.o(i.RCC_USBCLKConfig)
    Resume                                   0x08004941   Thumb Code   116  usb_pwr.o(i.Resume)
    Resume_Init                              0x080049bd   Thumb Code    26  usb_pwr.o(i.Resume_Init)
    SEND_EC_VALUE                            0x080049dd   Thumb Code    62  main.o(i.SEND_EC_VALUE)
    SEND_KEY_VALUE                           0x08004a25   Thumb Code  4764  main.o(i.SEND_KEY_VALUE)
    SVC_Handler                              0x08005cc9   Thumb Code     2  stm32f10x_it.o(i.SVC_Handler)
    SetBTABLE                                0x08005ccd   Thumb Code    10  usb_regs.o(i.SetBTABLE)
    SetDeviceAddress                         0x08005cdd   Thumb Code    50  usb_core.o(i.SetDeviceAddress)
    SetEPRxAddr                              0x08005d1d   Thumb Code    24  usb_regs.o(i.SetEPRxAddr)
    SetEPRxCount                             0x08005d3d   Thumb Code    54  usb_regs.o(i.SetEPRxCount)
    SetEPRxStatus                            0x08005d7d   Thumb Code    38  usb_regs.o(i.SetEPRxStatus)
    SetEPRxValid                             0x08005da9   Thumb Code    26  usb_regs.o(i.SetEPRxValid)
    SetEPTxAddr                              0x08005dc9   Thumb Code    22  usb_regs.o(i.SetEPTxAddr)
    SetEPTxCount                             0x08005de9   Thumb Code    20  usb_regs.o(i.SetEPTxCount)
    SetEPTxStatus                            0x08005e05   Thumb Code    38  usb_regs.o(i.SetEPTxStatus)
    SetEPTxValid                             0x08005e31   Thumb Code    26  usb_regs.o(i.SetEPTxValid)
    SetEPType                                0x08005e51   Thumb Code    24  usb_regs.o(i.SetEPType)
    Set_System                               0x08005f15   Thumb Code    14  hw_config.o(i.Set_System)
    Set_USBClock                             0x08005f23   Thumb Code    20  hw_config.o(i.Set_USBClock)
    Setup0_Process                           0x08005f39   Thumb Code    92  usb_core.o(i.Setup0_Process)
    Standard_ClearFeature                    0x08005fa1   Thumb Code   218  usb_core.o(i.Standard_ClearFeature)
    Standard_GetConfiguration                0x08006091   Thumb Code    30  usb_core.o(i.Standard_GetConfiguration)
    Standard_GetDescriptorData               0x080060b9   Thumb Code    24  usb_core.o(i.Standard_GetDescriptorData)
    Standard_GetInterface                    0x080060d5   Thumb Code    30  usb_core.o(i.Standard_GetInterface)
    Standard_GetStatus                       0x080060fd   Thumb Code   124  usb_core.o(i.Standard_GetStatus)
    Standard_SetConfiguration                0x08006189   Thumb Code    42  usb_core.o(i.Standard_SetConfiguration)
    Standard_SetDeviceFeature                0x080061c1   Thumb Code    26  usb_core.o(i.Standard_SetDeviceFeature)
    Standard_SetEndPointFeature              0x080061e5   Thumb Code   112  usb_core.o(i.Standard_SetEndPointFeature)
    Standard_SetInterface                    0x08006265   Thumb Code    60  usb_core.o(i.Standard_SetInterface)
    Suspend                                  0x080062ad   Thumb Code    26  usb_pwr.o(i.Suspend)
    SysTick_Handler                          0x080062cd   Thumb Code     2  stm32f10x_it.o(i.SysTick_Handler)
    SystemInit                               0x080062d1   Thumb Code    50  system_stm32f10x.o(i.SystemInit)
    TIM2_IRQHandler                          0x08006311   Thumb Code    78  stm32f10x_it.o(i.TIM2_IRQHandler)
    TIM_ClearFlag                            0x0800636d   Thumb Code     6  stm32f10x_tim.o(i.TIM_ClearFlag)
    TIM_ClearITPendingBit                    0x08006373   Thumb Code     6  stm32f10x_tim.o(i.TIM_ClearITPendingBit)
    TIM_Cmd                                  0x08006379   Thumb Code    20  stm32f10x_tim.o(i.TIM_Cmd)
    TIM_GetITStatus                          0x0800638d   Thumb Code    24  stm32f10x_tim.o(i.TIM_GetITStatus)
    TIM_ITConfig                             0x080063a5   Thumb Code    16  stm32f10x_tim.o(i.TIM_ITConfig)
    TIM_TimeBaseInit                         0x080063b5   Thumb Code    96  stm32f10x_tim.o(i.TIM_TimeBaseInit)
    Timer2_Configuration                     0x08006431   Thumb Code    78  hw_config.o(i.Timer2_Configuration)
    USB_Cable_Config                         0x08006481   Thumb Code    20  hw_config.o(i.USB_Cable_Config)
    USB_Init                                 0x08006499   Thumb Code    22  usb_init.o(i.USB_Init)
    USB_Interrupts_Config                    0x080064c1   Thumb Code    32  hw_config.o(i.USB_Interrupts_Config)
    USB_Istr                                 0x080064e1   Thumb Code   166  usb_istr.o(i.USB_Istr)
    USB_LP_CAN1_RX0_IRQHandler               0x0800659d   Thumb Code     4  stm32f10x_it.o(i.USB_LP_CAN1_RX0_IRQHandler)
    UsageFault_Handler                       0x080065a1   Thumb Code     2  stm32f10x_it.o(i.UsageFault_Handler)
    UserToPMABufferCopy                      0x080065a5   Thumb Code    38  usb_mem.o(i.UserToPMABufferCopy)
    __scatterload_copy                       0x080065d1   Thumb Code    14  handlers.o(i.__scatterload_copy)
    __scatterload_null                       0x080065df   Thumb Code     2  handlers.o(i.__scatterload_null)
    __scatterload_zeroinit                   0x080065e1   Thumb Code    14  handlers.o(i.__scatterload_zeroinit)
    ch451_dl_reset                           0x080065f1   Thumb Code   104  main.o(i.ch451_dl_reset)
    ch451_dl_set                             0x08006665   Thumb Code   104  main.o(i.ch451_dl_set)
    ch451_do_get                             0x080066d9   Thumb Code   198  main.o(i.ch451_do_get)
    ch451_init                               0x080067ad   Thumb Code   204  main.o(i.ch451_init)
    ch451_read                               0x08006879   Thumb Code   200  main.o(i.ch451_read)
    ch451_write                              0x08006945   Thumb Code   240  main.o(i.ch451_write)
    delay_1us                                0x08006a3d   Thumb Code    26  main.o(i.delay_1us)
    delay_ms                                 0x08006a57   Thumb Code    30  main.o(i.delay_ms)
    main                                     0x08006a75   Thumb Code  1224  main.o(i.main)
    CustomHID_DeviceDescriptor               0x08006f44   Data          18  usb_desc.o(.constdata)
    CustomHID_ConfigDescriptor               0x08006f56   Data          97  usb_desc.o(.constdata)
    CustomHID_ReportDescriptor               0x08006fb7   Data          33  usb_desc.o(.constdata)
    CustomHID_StringLangID                   0x08006fd8   Data           4  usb_desc.o(.constdata)
    CustomHID_StringVendor                   0x08006fdc   Data          38  usb_desc.o(.constdata)
    CustomHID_StringProduct                  0x08007002   Data          14  usb_desc.o(.constdata)
    Region$$Table$$Base                      0x08007010   Number         0  anon$$obj.o(Region$$Table)
    Region$$Table$$Limit                     0x08007030   Number         0  anon$$obj.o(Region$$Table)
    USB_TxBuf                                0x20000000   Data           4  hw_config.o(.data)
    USB_RxBuf                                0x20000004   Data           4  hw_config.o(.data)
    keyfirst_flag                            0x20000008   Data           1  main.o(.data)
    led_test                                 0x20000009   Data           1  main.o(.data)
    key_scan_do1                             0x2000000a   Data           1  main.o(.data)
    key_scan_do3                             0x2000000b   Data           1  main.o(.data)
    key_scan_do5                             0x2000000c   Data           1  main.o(.data)
    key_scan_do7                             0x2000000d   Data           1  main.o(.data)
    key_scan_do9                             0x2000000e   Data           1  main.o(.data)
    USB_RX_FLAG                              0x2000000f   Data           1  main.o(.data)
    exchange_flag                            0x20000010   Data           1  main.o(.data)
    key_scan_dg_temp                         0x20000011   Data           1  main.o(.data)
    key_scan_sg_temp                         0x20000012   Data           1  main.o(.data)
    key_scan_dg_temp_past                    0x20000013   Data           1  main.o(.data)
    key_scan_sg_temp_past                    0x20000014   Data           1  main.o(.data)
    EC_FLAG1                                 0x20000015   Data           1  main.o(.data)
    EC_FLAG2                                 0x20000016   Data           1  main.o(.data)
    EC_FLAG3                                 0x20000017   Data           1  main.o(.data)
    EC_FLAG4                                 0x20000018   Data           1  main.o(.data)
    EC_FLAG5                                 0x20000019   Data           1  main.o(.data)
    EC_FLAG6                                 0x2000001a   Data           1  main.o(.data)
    EC_FLAG7                                 0x2000001b   Data           1  main.o(.data)
    EC_FLAG8                                 0x2000001c   Data           1  main.o(.data)
    EC1                                      0x2000001d   Data           1  main.o(.data)
    EC2                                      0x2000001e   Data           1  main.o(.data)
    EC3                                      0x2000001f   Data           1  main.o(.data)
    EC4                                      0x20000020   Data           1  main.o(.data)
    EC5                                      0x20000021   Data           1  main.o(.data)
    EC6                                      0x20000022   Data           1  main.o(.data)
    EC7                                      0x20000023   Data           1  main.o(.data)
    EC8                                      0x20000024   Data           1  main.o(.data)
    EC9                                      0x20000025   Data           1  main.o(.data)
    EC10                                     0x20000026   Data           1  main.o(.data)
    EC11                                     0x20000027   Data           1  main.o(.data)
    EC12                                     0x20000028   Data           1  main.o(.data)
    EC13                                     0x20000029   Data           1  main.o(.data)
    EC14                                     0x2000002a   Data           1  main.o(.data)
    EC15                                     0x2000002b   Data           1  main.o(.data)
    EC16                                     0x2000002c   Data           1  main.o(.data)
    EC1_PAST                                 0x2000002d   Data           1  main.o(.data)
    EC2_PAST                                 0x2000002e   Data           1  main.o(.data)
    EC3_PAST                                 0x2000002f   Data           1  main.o(.data)
    EC4_PAST                                 0x20000030   Data           1  main.o(.data)
    EC5_PAST                                 0x20000031   Data           1  main.o(.data)
    EC6_PAST                                 0x20000032   Data           1  main.o(.data)
    EC7_PAST                                 0x20000033   Data           1  main.o(.data)
    EC8_PAST                                 0x20000034   Data           1  main.o(.data)
    EC9_PAST                                 0x20000035   Data           1  main.o(.data)
    EC10_PAST                                0x20000036   Data           1  main.o(.data)
    EC11_PAST                                0x20000037   Data           1  main.o(.data)
    EC12_PAST                                0x20000038   Data           1  main.o(.data)
    EC13_PAST                                0x20000039   Data           1  main.o(.data)
    EC14_PAST                                0x2000003a   Data           1  main.o(.data)
    EC15_PAST                                0x2000003b   Data           1  main.o(.data)
    EC16_PAST                                0x2000003c   Data           1  main.o(.data)
    EC_T                                     0x2000003d   Data           1  main.o(.data)
    EC_VALUE1                                0x2000003e   Data           1  main.o(.data)
    EC_VALUE2                                0x2000003f   Data           1  main.o(.data)
    EC_VALUE3                                0x20000040   Data           1  main.o(.data)
    EC_VALUE4                                0x20000041   Data           1  main.o(.data)
    EC_VALUE5                                0x20000042   Data           1  main.o(.data)
    EC_VALUE6                                0x20000043   Data           1  main.o(.data)
    EC_VALUE7                                0x20000044   Data           1  main.o(.data)
    EC_VALUE8                                0x20000045   Data           1  main.o(.data)
    EC_VALUE1_TEMP                           0x20000046   Data           1  main.o(.data)
    EC_VALUE2_TEMP                           0x20000047   Data           1  main.o(.data)
    EC_VALUE3_TEMP                           0x20000048   Data           1  main.o(.data)
    EC_VALUE4_TEMP                           0x20000049   Data           1  main.o(.data)
    EC_VALUE5_TEMP                           0x2000004a   Data           1  main.o(.data)
    EC_VALUE6_TEMP                           0x2000004b   Data           1  main.o(.data)
    EC_VALUE7_TEMP                           0x2000004c   Data           1  main.o(.data)
    EC_VALUE8_TEMP                           0x2000004d   Data           1  main.o(.data)
    EC_VALUE1_PAST                           0x2000004e   Data           1  main.o(.data)
    EC_VALUE2_PAST                           0x2000004f   Data           1  main.o(.data)
    EC_VALUE3_PAST                           0x20000050   Data           1  main.o(.data)
    EC_VALUE4_PAST                           0x20000051   Data           1  main.o(.data)
    EC_VALUE5_PAST                           0x20000052   Data           1  main.o(.data)
    EC_VALUE6_PAST                           0x20000053   Data           1  main.o(.data)
    EC_VALUE7_PAST                           0x20000054   Data           1  main.o(.data)
    EC_VALUE8_PAST                           0x20000055   Data           1  main.o(.data)
    CH451_SIG_ODD                            0x20000056   Data           1  main.o(.data)
    CH451_SIG_EVEN                           0x20000057   Data           1  main.o(.data)
    CH451_SIG                                0x20000058   Data           1  main.o(.data)
    do_num_flag                              0x20000059   Data           1  main.o(.data)
    do_num_odd                               0x2000005a   Data           1  main.o(.data)
    do_num_even                              0x2000005b   Data           1  main.o(.data)
    key_scan_do_value                        0x2000005c   Data           1  main.o(.data)
    key_scan_do_value_past                   0x2000005d   Data           1  main.o(.data)
    key_scan_do_area                         0x2000005e   Data           1  main.o(.data)
    key_scan_do1_value                       0x2000005f   Data           1  main.o(.data)
    key_scan_do3_value                       0x20000060   Data           1  main.o(.data)
    key_scan_do5_value                       0x20000061   Data           1  main.o(.data)
    key_scan_do7_value                       0x20000062   Data           1  main.o(.data)
    key_scan_do9_value                       0x20000063   Data           1  main.o(.data)
    KEY_SEND_FLAG                            0x20000064   Data           1  main.o(.data)
    KEY_SEND_VALUE                           0x20000065   Data           1  main.o(.data)
    KEY_SEND_VALUE_ODD                       0x20000066   Data           1  main.o(.data)
    KEY_SEND_VALUE_EVEN                      0x20000067   Data           1  main.o(.data)
    KEY_SEND_VALUE_PAST                      0x20000068   Data           1  main.o(.data)
    KEY_SEND_CH                              0x20000069   Data           1  main.o(.data)
    KEY_SEND_CH_PAST                         0x2000006a   Data           1  main.o(.data)
    LED_DISPLAY_ROW                          0x2000006b   Data           1  main.o(.data)
    LED_DISPLAY_ROW_PAST                     0x2000006c   Data           1  main.o(.data)
    LED_DISPLAY_ROW_ODD                      0x2000006d   Data           1  main.o(.data)
    LED_DISPLAY_ROW_EVEN                     0x2000006e   Data           1  main.o(.data)
    LED_ROW                                  0x2000006f   Data           1  main.o(.data)
    ADC_CTRL_FLAG                            0x20000070   Data           1  main.o(.data)
    Do_Value                                 0x20000071   Data           1  main.o(.data)
    CH451_DIG_ODD                            0x20000072   Data           2  main.o(.data)
    CH451_DIG_EVEN                           0x20000074   Data           2  main.o(.data)
    CH451_DIG                                0x20000076   Data           2  main.o(.data)
    TIM2_MS                                  0x20000078   Data           4  main.o(.data)
    TIM2_MS_TEST                             0x2000007c   Data           4  main.o(.data)
    TIM2_20ms_Count                          0x20000080   Data           4  main.o(.data)
    TIM2_MS_EC                               0x20000084   Data           4  main.o(.data)
    CustomHID_StringSerial                   0x20000088   Data          26  usb_desc.o(.data)
    bIntPackSOF                              0x200000a2   Data           1  usb_istr.o(.data)
    wIstr                                    0x200000a4   Data           2  usb_istr.o(.data)
    pEpInt_IN                                0x200000a8   Data          28  usb_istr.o(.data)
    pEpInt_OUT                               0x200000c4   Data          28  usb_istr.o(.data)
    Device_Table                             0x200000e0   Data           2  usb_prop.o(.data)
    ProtocolValue                            0x200000e4   Data           4  usb_prop.o(.data)
    Device_Descriptor                        0x200000e8   Data           8  usb_prop.o(.data)
    Config_Descriptor                        0x200000f0   Data           8  usb_prop.o(.data)
    CustomHID_Report_Descriptor              0x200000f8   Data           8  usb_prop.o(.data)
    CustomHID_Hid_Descriptor                 0x20000100   Data           8  usb_prop.o(.data)
    Device_Property                          0x20000108   Data          48  usb_prop.o(.data)
    String_Descriptor                        0x20000138   Data          32  usb_prop.o(.data)
    User_Standard_Requests                   0x20000158   Data          36  usb_prop.o(.data)
    bDeviceState                             0x2000017c   Data           4  usb_pwr.o(.data)
    fSuspendEnabled                          0x20000180   Data           1  usb_pwr.o(.data)
    ResumeS                                  0x20000181   Data           2  usb_pwr.o(.data)
    Data_Mul_MaxPacketSize                   0x20000184   Data           1  usb_core.o(.data)
    StatusInfo                               0x20000186   Data           2  usb_core.o(.data)
    EPindex                                  0x20000188   Data           1  usb_init.o(.data)
    pInformation                             0x2000018c   Data           4  usb_init.o(.data)
    pProperty                                0x20000190   Data           4  usb_init.o(.data)
    pUser_Standard_Requests                  0x20000194   Data           4  usb_init.o(.data)
    wInterrupt_Mask                          0x20000198   Data           2  usb_init.o(.data)
    SaveRState                               0x2000019a   Data           2  usb_int.o(.data)
    SaveTState                               0x2000019c   Data           2  usb_int.o(.data)
    CH451_DG                                 0x200001a0   Data          28  main.o(.bss)
    CH451_SG                                 0x200001bc   Data          14  main.o(.bss)
    CH451_DO                                 0x200001ca   Data          14  main.o(.bss)
    DIS40                                    0x200001d8   Data          40  main.o(.bss)
    DIS40_LOCK                               0x20000200   Data          40  main.o(.bss)
    ADC_DATA                                 0x20000228   Data          36  main.o(.bss)
    ADC_DATA_TEMP                            0x2000024c   Data         180  main.o(.bss)
    ADC_DATA_PAST                            0x20000300   Data          36  main.o(.bss)
    ADC_FLAG                                 0x20000324   Data           9  main.o(.bss)
    ADC_DualConvertedValueTab                0x20000330   Data         180  main.o(.bss)
    ADC_BUF0                                 0x200003e4   Data          20  main.o(.bss)
    ADC_BUF1                                 0x200003f8   Data          20  main.o(.bss)
    ADC_BUF2                                 0x2000040c   Data          20  main.o(.bss)
    ADC_BUF3                                 0x20000420   Data          20  main.o(.bss)
    ADC_BUF4                                 0x20000434   Data          20  main.o(.bss)
    ADC_BUF5                                 0x20000448   Data          20  main.o(.bss)
    ADC_BUF6                                 0x2000045c   Data          20  main.o(.bss)
    ADC_BUF7                                 0x20000470   Data          20  main.o(.bss)
    ADC_BUF8                                 0x20000484   Data          20  main.o(.bss)
    ADC_TEST                                 0x20000498   Data          36  main.o(.bss)
    Device_Info                              0x200004bc   Data          28  usb_init.o(.bss)
    __initial_sp                             0x200006d8   Data           0  startup_stm32f10x_md.o(STACK)



==============================================================================

Memory Map of the image

  Image Entry point : 0x080000ed

  Load Region LR_IROM1 (Base: 0x08000000, Size: 0x000071d0, Max: 0x00080000, ABSOLUTE, COMPRESSED[0x000070b4])

    Execution Region ER_IROM1 (Base: 0x08000000, Size: 0x00007030, Max: 0x00080000, ABSOLUTE)

    Base Addr    Size         Type   Attr      Idx    E Section Name        Object

    0x08000000   0x000000ec   Data   RO         2512    RESET               startup_stm32f10x_md.o
    0x080000ec   0x00000000   Code   RO         2555  * .ARM.Collect$$$$00000000  mc_w.l(entry.o)
    0x080000ec   0x00000004   Code   RO         2558    .ARM.Collect$$$$00000001  mc_w.l(entry2.o)
    0x080000f0   0x00000004   Code   RO         2561    .ARM.Collect$$$$00000004  mc_w.l(entry5.o)
    0x080000f4   0x00000000   Code   RO         2563    .ARM.Collect$$$$00000008  mc_w.l(entry7b.o)
    0x080000f4   0x00000000   Code   RO         2565    .ARM.Collect$$$$0000000A  mc_w.l(entry8b.o)
    0x080000f4   0x00000008   Code   RO         2566    .ARM.Collect$$$$0000000B  mc_w.l(entry9a.o)
    0x080000fc   0x00000000   Code   RO         2568    .ARM.Collect$$$$0000000D  mc_w.l(entry10a.o)
    0x080000fc   0x00000000   Code   RO         2570    .ARM.Collect$$$$0000000F  mc_w.l(entry11a.o)
    0x080000fc   0x00000004   Code   RO         2559    .ARM.Collect$$$$00002712  mc_w.l(entry2.o)
    0x08000100   0x0000001c   Code   RO         2513    .text               startup_stm32f10x_md.o
    0x0800011c   0x00000024   Code   RO         2572    .text               mc_w.l(init.o)
    0x08000140   0x00000056   Code   RO         2582    .text               mc_w.l(__dczerorl2.o)
    0x08000196   0x00000002   PAD
    0x08000198   0x00000144   Code   RO            1    i.ADC1_Configuration  hw_config.o
    0x080002dc   0x00000006   Code   RO         1639    i.ADC_ClearFlag     stm32f10x_adc.o
    0x080002e2   0x00000014   Code   RO         1641    i.ADC_Cmd           stm32f10x_adc.o
    0x080002f6   0x00000002   PAD
    0x080002f8   0x0000017c   Code   RO          169    i.ADC_DATA_SEND     main.o
    0x08000474   0x00000014   Code   RO         1642    i.ADC_DMACmd        stm32f10x_adc.o
    0x08000488   0x0000029c   Code   RO          170    i.ADC_Data_Process  main.o
    0x08000724   0x0000003c   Code   RO         1643    i.ADC_DeInit        stm32f10x_adc.o
    0x08000760   0x0000000e   Code   RO         1649    i.ADC_GetCalibrationStatus  stm32f10x_adc.o
    0x0800076e   0x0000000e   Code   RO         1655    i.ADC_GetResetCalibrationStatus  stm32f10x_adc.o
    0x0800077c   0x00000012   Code   RO         1658    i.ADC_ITConfig      stm32f10x_adc.o
    0x0800078e   0x00000002   PAD
    0x08000790   0x00000048   Code   RO         1659    i.ADC_Init          stm32f10x_adc.o
    0x080007d8   0x00000074   Code   RO         1663    i.ADC_RegularChannelConfig  stm32f10x_adc.o
    0x0800084c   0x0000000a   Code   RO         1664    i.ADC_ResetCalibration  stm32f10x_adc.o
    0x08000856   0x00000014   Code   RO         1666    i.ADC_SoftwareStartConvCmd  stm32f10x_adc.o
    0x0800086a   0x0000003c   Code   RO          171    i.ADC_Sort          main.o
    0x080008a6   0x0000000a   Code   RO         1668    i.ADC_StartCalibration  stm32f10x_adc.o
    0x080008b0   0x00000070   Code   RO          172    i.ADC_StartConvert  main.o
    0x08000920   0x00000002   Code   RO          442    i.BusFault_Handler  stm32f10x_it.o
    0x08000922   0x0000000a   Code   RO          931    i.ByteSwap          usb_regs.o
    0x0800092c   0x00000158   Code   RO          884    i.CTR_LP            usb_int.o
    0x08000a84   0x00000028   Code   RO          932    i.ClearDTOG_RX      usb_regs.o
    0x08000aac   0x00000028   Code   RO          933    i.ClearDTOG_TX      usb_regs.o
    0x08000ad4   0x0000001c   Code   RO          938    i.Clear_Status_Out  usb_regs.o
    0x08000af0   0x0000005c   Code   RO          579    i.CustomHID_Data_Setup  usb_prop.o
    0x08000b4c   0x0000000c   Code   RO          580    i.CustomHID_GetConfigDescriptor  usb_prop.o
    0x08000b58   0x0000000c   Code   RO          581    i.CustomHID_GetDeviceDescriptor  usb_prop.o
    0x08000b64   0x0000000c   Code   RO          582    i.CustomHID_GetHIDDescriptor  usb_prop.o
    0x08000b70   0x0000001c   Code   RO          583    i.CustomHID_GetProtocolValue  usb_prop.o
    0x08000b8c   0x0000000c   Code   RO          584    i.CustomHID_GetReportDescriptor  usb_prop.o
    0x08000b98   0x00000020   Code   RO          585    i.CustomHID_GetStringDescriptor  usb_prop.o
    0x08000bb8   0x0000000a   Code   RO          586    i.CustomHID_Get_Interface_Setting  usb_prop.o
    0x08000bc2   0x00000002   PAD
    0x08000bc4   0x00000020   Code   RO          587    i.CustomHID_NoData_Setup  usb_prop.o
    0x08000be4   0x000000ec   Code   RO          588    i.CustomHID_Reset   usb_prop.o
    0x08000cd0   0x00000028   Code   RO          589    i.CustomHID_SetConfiguration  usb_prop.o
    0x08000cf8   0x0000000c   Code   RO          590    i.CustomHID_SetDeviceAddress  usb_prop.o
    0x08000d04   0x00000018   Code   RO          591    i.CustomHID_SetProtocol  usb_prop.o
    0x08000d1c   0x00000002   Code   RO          592    i.CustomHID_Status_In  usb_prop.o
    0x08000d1e   0x00000002   Code   RO          593    i.CustomHID_Status_Out  usb_prop.o
    0x08000d20   0x0000003c   Code   RO          594    i.CustomHID_init    usb_prop.o
    0x08000d5c   0x00000018   Code   RO         1857    i.DMA_ClearFlag     stm32f10x_dma.o
    0x08000d74   0x00000014   Code   RO         1859    i.DMA_Cmd           stm32f10x_dma.o
    0x08000d88   0x000000d8   Code   RO         1860    i.DMA_DeInit        stm32f10x_dma.o
    0x08000e60   0x00000020   Code   RO         1862    i.DMA_GetFlagStatus  stm32f10x_dma.o
    0x08000e80   0x0000003a   Code   RO         1865    i.DMA_Init          stm32f10x_dma.o
    0x08000eba   0x00000002   PAD
    0x08000ebc   0x000000b4   Code   RO          738    i.DataStageIn       usb_core.o
    0x08000f70   0x000000a4   Code   RO          739    i.DataStageOut      usb_core.o
    0x08001014   0x0000019c   Code   RO          740    i.Data_Setup0       usb_core.o
    0x080011b0   0x00000002   Code   RO          443    i.DebugMon_Handler  stm32f10x_it.o
    0x080011b2   0x00000002   PAD
    0x080011b4   0x0000010c   Code   RO          174    i.EC_GET            main.o
    0x080012c0   0x000000a6   Code   RO          175    i.ENCODER_LED_INIT  main.o
    0x08001366   0x00000002   PAD
    0x08001368   0x000005c6   Code   RO          176    i.ENCODER_SCAN      main.o
    0x0800192e   0x00000002   PAD
    0x08001930   0x00000028   Code   RO          539    i.EP1_OUT_Callback  usb_endp.o
    0x08001958   0x0000000c   Code   RO            3    i.Enter_LowPowerMode  hw_config.o
    0x08001964   0x00000190   Code   RO            4    i.GPIO_Configuration  hw_config.o
    0x08001af4   0x000000a2   Code   RO         1496    i.GPIO_Init         stm32f10x_gpio.o
    0x08001b96   0x00000002   PAD
    0x08001b98   0x00000048   Code   RO         1498    i.GPIO_PinRemapConfig  stm32f10x_gpio.o
    0x08001be0   0x0000000e   Code   RO         1500    i.GPIO_ReadInputDataBit  stm32f10x_gpio.o
    0x08001bee   0x00000004   Code   RO         1503    i.GPIO_ResetBits    stm32f10x_gpio.o
    0x08001bf2   0x00000004   Code   RO         1504    i.GPIO_SetBits      stm32f10x_gpio.o
    0x08001bf6   0x00000002   PAD
    0x08001bf8   0x00000020   Code   RO          950    i.GetEPRxAddr       usb_regs.o
    0x08001c18   0x0000001c   Code   RO          953    i.GetEPTxAddr       usb_regs.o
    0x08001c34   0x00000048   Code   RO            5    i.Get_SerialNum     hw_config.o
    0x08001c7c   0x00000002   Code   RO          444    i.HardFault_Handler  stm32f10x_it.o
    0x08001c7e   0x00000002   PAD
    0x08001c80   0x0000005c   Code   RO          741    i.In0_Process       usb_core.o
    0x08001cdc   0x00000090   Code   RO          178    i.KEY_LED_OFF       main.o
    0x08001d6c   0x000000c8   Code   RO          179    i.KEY_SCAN          main.o
    0x08001e34   0x000004f2   Code   RO          180    i.KEY_VALUE_CAL_1   main.o
    0x08002326   0x00000002   PAD
    0x08002328   0x00000526   Code   RO          181    i.KEY_VALUE_CAL_3   main.o
    0x0800284e   0x00000002   PAD
    0x08002850   0x000004f4   Code   RO          182    i.KEY_VALUE_CAL_5   main.o
    0x08002d44   0x00000514   Code   RO          183    i.KEY_VALUE_CAL_7   main.o
    0x08003258   0x0000041c   Code   RO          184    i.KEY_VALUE_CAL_9   main.o
    0x08003674   0x00000c08   Code   RO          185    i.LED_DECODE        main.o
    0x0800427c   0x000001fc   Code   RO          186    i.LED_DISPLAY       main.o
    0x08004478   0x000001b8   Code   RO          187    i.LED_DISPLAY_VMIX  main.o
    0x08004630   0x0000001c   Code   RO            6    i.Leave_LowPowerMode  hw_config.o
    0x0800464c   0x00000002   Code   RO          445    i.MemManage_Handler  stm32f10x_it.o
    0x0800464e   0x00000002   Code   RO          446    i.NMI_Handler       stm32f10x_it.o
    0x08004650   0x00000002   Code   RO          742    i.NOP_Process       usb_core.o
    0x08004652   0x00000034   Code   RO            7    i.NVIC_Configuration  hw_config.o
    0x08004686   0x00000002   PAD
    0x08004688   0x00000064   Code   RO         1599    i.NVIC_Init         misc.o
    0x080046ec   0x00000014   Code   RO         1600    i.NVIC_PriorityGroupConfig  misc.o
    0x08004700   0x00000014   Code   RO         1601    i.NVIC_SetVectorTable  misc.o
    0x08004714   0x000000d8   Code   RO          743    i.NoData_Setup0     usb_core.o
    0x080047ec   0x00000040   Code   RO          744    i.Out0_Process      usb_core.o
    0x0800482c   0x00000020   Code   RO          913    i.PMAToUserBufferCopy  usb_mem.o
    0x0800484c   0x00000002   Code   RO          447    i.PendSV_Handler    stm32f10x_it.o
    0x0800484e   0x00000002   PAD
    0x08004850   0x00000044   Code   RO          745    i.Post0_Process     usb_core.o
    0x08004894   0x0000002c   Code   RO          695    i.PowerOn           usb_pwr.o
    0x080048c0   0x00000014   Code   RO         1291    i.RCC_ADCCLKConfig  stm32f10x_rcc.o
    0x080048d4   0x00000018   Code   RO         1292    i.RCC_AHBPeriphClockCmd  stm32f10x_rcc.o
    0x080048ec   0x00000018   Code   RO         1293    i.RCC_APB1PeriphClockCmd  stm32f10x_rcc.o
    0x08004904   0x00000018   Code   RO         1295    i.RCC_APB2PeriphClockCmd  stm32f10x_rcc.o
    0x0800491c   0x00000018   Code   RO         1296    i.RCC_APB2PeriphResetCmd  stm32f10x_rcc.o
    0x08004934   0x0000000c   Code   RO         1321    i.RCC_USBCLKConfig  stm32f10x_rcc.o
    0x08004940   0x0000007c   Code   RO          696    i.Resume            usb_pwr.o
    0x080049bc   0x00000020   Code   RO          697    i.Resume_Init       usb_pwr.o
    0x080049dc   0x00000048   Code   RO          189    i.SEND_EC_VALUE     main.o
    0x08004a24   0x000012a4   Code   RO          190    i.SEND_KEY_VALUE    main.o
    0x08005cc8   0x00000002   Code   RO          448    i.SVC_Handler       stm32f10x_it.o
    0x08005cca   0x00000002   PAD
    0x08005ccc   0x00000010   Code   RO          961    i.SetBTABLE         usb_regs.o
    0x08005cdc   0x00000040   Code   RO          746    i.SetDeviceAddress  usb_core.o
    0x08005d1c   0x00000020   Code   RO          975    i.SetEPRxAddr       usb_regs.o
    0x08005d3c   0x00000040   Code   RO          976    i.SetEPRxCount      usb_regs.o
    0x08005d7c   0x0000002c   Code   RO          977    i.SetEPRxStatus     usb_regs.o
    0x08005da8   0x00000020   Code   RO          978    i.SetEPRxValid      usb_regs.o
    0x08005dc8   0x00000020   Code   RO          979    i.SetEPTxAddr       usb_regs.o
    0x08005de8   0x0000001c   Code   RO          980    i.SetEPTxCount      usb_regs.o
    0x08005e04   0x0000002c   Code   RO          981    i.SetEPTxStatus     usb_regs.o
    0x08005e30   0x00000020   Code   RO          982    i.SetEPTxValid      usb_regs.o
    0x08005e50   0x0000001c   Code   RO          983    i.SetEPType         usb_regs.o
    0x08005e6c   0x000000a8   Code   RO         2518    i.SetSysClockTo72   system_stm32f10x.o
    0x08005f14   0x0000000e   Code   RO            8    i.Set_System        hw_config.o
    0x08005f22   0x00000014   Code   RO            9    i.Set_USBClock      hw_config.o
    0x08005f36   0x00000002   PAD
    0x08005f38   0x00000068   Code   RO          747    i.Setup0_Process    usb_core.o
    0x08005fa0   0x000000f0   Code   RO          748    i.Standard_ClearFeature  usb_core.o
    0x08006090   0x00000028   Code   RO          749    i.Standard_GetConfiguration  usb_core.o
    0x080060b8   0x0000001c   Code   RO          750    i.Standard_GetDescriptorData  usb_core.o
    0x080060d4   0x00000028   Code   RO          751    i.Standard_GetInterface  usb_core.o
    0x080060fc   0x0000008c   Code   RO          752    i.Standard_GetStatus  usb_core.o
    0x08006188   0x00000038   Code   RO          753    i.Standard_SetConfiguration  usb_core.o
    0x080061c0   0x00000024   Code   RO          754    i.Standard_SetDeviceFeature  usb_core.o
    0x080061e4   0x00000080   Code   RO          755    i.Standard_SetEndPointFeature  usb_core.o
    0x08006264   0x00000048   Code   RO          756    i.Standard_SetInterface  usb_core.o
    0x080062ac   0x00000020   Code   RO          698    i.Suspend           usb_pwr.o
    0x080062cc   0x00000002   Code   RO          449    i.SysTick_Handler   stm32f10x_it.o
    0x080062ce   0x00000002   PAD
    0x080062d0   0x00000040   Code   RO         2519    i.SystemInit        system_stm32f10x.o
    0x08006310   0x0000005c   Code   RO          450    i.TIM2_IRQHandler   stm32f10x_it.o
    0x0800636c   0x00000006   Code   RO         1985    i.TIM_ClearFlag     stm32f10x_tim.o
    0x08006372   0x00000006   Code   RO         1986    i.TIM_ClearITPendingBit  stm32f10x_tim.o
    0x08006378   0x00000014   Code   RO         1991    i.TIM_Cmd           stm32f10x_tim.o
    0x0800638c   0x00000018   Code   RO         2012    i.TIM_GetITStatus   stm32f10x_tim.o
    0x080063a4   0x00000010   Code   RO         2016    i.TIM_ITConfig      stm32f10x_tim.o
    0x080063b4   0x0000007c   Code   RO         2062    i.TIM_TimeBaseInit  stm32f10x_tim.o
    0x08006430   0x0000004e   Code   RO           10    i.Timer2_Configuration  hw_config.o
    0x0800647e   0x00000002   PAD
    0x08006480   0x00000018   Code   RO           11    i.USB_Cable_Config  hw_config.o
    0x08006498   0x00000028   Code   RO          857    i.USB_Init          usb_init.o
    0x080064c0   0x00000020   Code   RO           12    i.USB_Interrupts_Config  hw_config.o
    0x080064e0   0x000000bc   Code   RO          556    i.USB_Istr          usb_istr.o
    0x0800659c   0x00000004   Code   RO          451    i.USB_LP_CAN1_RX0_IRQHandler  stm32f10x_it.o
    0x080065a0   0x00000002   Code   RO          452    i.UsageFault_Handler  stm32f10x_it.o
    0x080065a2   0x00000002   PAD
    0x080065a4   0x0000002c   Code   RO          914    i.UserToPMABufferCopy  usb_mem.o
    0x080065d0   0x0000000e   Code   RO         2576    i.__scatterload_copy  mc_w.l(handlers.o)
    0x080065de   0x00000002   Code   RO         2577    i.__scatterload_null  mc_w.l(handlers.o)
    0x080065e0   0x0000000e   Code   RO         2578    i.__scatterload_zeroinit  mc_w.l(handlers.o)
    0x080065ee   0x00000002   PAD
    0x080065f0   0x00000074   Code   RO          197    i.ch451_dl_reset    main.o
    0x08006664   0x00000074   Code   RO          198    i.ch451_dl_set      main.o
    0x080066d8   0x000000d4   Code   RO          199    i.ch451_do_get      main.o
    0x080067ac   0x000000cc   Code   RO          200    i.ch451_init        main.o
    0x08006878   0x000000cc   Code   RO          201    i.ch451_read        main.o
    0x08006944   0x000000f8   Code   RO          202    i.ch451_write       main.o
    0x08006a3c   0x0000001a   Code   RO          204    i.delay_1us         main.o
    0x08006a56   0x0000001e   Code   RO          205    i.delay_ms          main.o
    0x08006a74   0x000004d0   Code   RO          207    i.main              main.o
    0x08006f44   0x00000012   Data   RO          521    .constdata          usb_desc.o
    0x08006f56   0x00000061   Data   RO          522    .constdata          usb_desc.o
    0x08006fb7   0x00000021   Data   RO          523    .constdata          usb_desc.o
    0x08006fd8   0x00000004   Data   RO          524    .constdata          usb_desc.o
    0x08006fdc   0x00000026   Data   RO          525    .constdata          usb_desc.o
    0x08007002   0x0000000e   Data   RO          526    .constdata          usb_desc.o
    0x08007010   0x00000020   Data   RO         2574    Region$$Table       anon$$obj.o


    Execution Region RW_IRAM1 (Base: 0x20000000, Size: 0x000006d8, Max: 0x00010000, ABSOLUTE, COMPRESSED[0x00000084])

    Base Addr    Size         Type   Attr      Idx    E Section Name        Object

    0x20000000   0x00000004   Data   RW           13    .data               hw_config.o
    0x20000004   0x00000004   Data   RW           14    .data               hw_config.o
    0x20000008   0x0000007c   Data   RW          212    .data               main.o
    0x20000084   0x00000004   Data   RW          225    .data               main.o
    0x20000088   0x0000001a   Data   RW          527    .data               usb_desc.o
    0x200000a2   0x00000004   Data   RW          557    .data               usb_istr.o
    0x200000a6   0x00000002   PAD
    0x200000a8   0x0000001c   Data   RW          558    .data               usb_istr.o
    0x200000c4   0x0000001c   Data   RW          559    .data               usb_istr.o
    0x200000e0   0x00000002   Data   RW          595    .data               usb_prop.o
    0x200000e2   0x00000002   PAD
    0x200000e4   0x00000074   Data   RW          596    .data               usb_prop.o
    0x20000158   0x00000024   Data   RW          597    .data               usb_prop.o
    0x2000017c   0x00000004   Data   RW          699    .data               usb_pwr.o
    0x20000180   0x00000001   Data   RW          700    .data               usb_pwr.o
    0x20000181   0x00000002   Data   RW          701    .data               usb_pwr.o
    0x20000183   0x00000001   PAD
    0x20000184   0x00000004   Data   RW          757    .data               usb_core.o
    0x20000188   0x00000001   Data   RW          859    .data               usb_init.o
    0x20000189   0x00000003   PAD
    0x2000018c   0x0000000c   Data   RW          860    .data               usb_init.o
    0x20000198   0x00000002   Data   RW          862    .data               usb_init.o
    0x2000019a   0x00000004   Data   RW          885    .data               usb_int.o
    0x2000019e   0x00000002   PAD
    0x200001a0   0x0000031c   Zero   RW          208    .bss                main.o
    0x200004bc   0x0000001c   Zero   RW          858    .bss                usb_init.o
    0x200004d8   0x00000200   Zero   RW         2510    STACK               startup_stm32f10x_md.o


==============================================================================

Image component sizes


      Code (inc. data)   RO Data    RW Data    ZI Data      Debug   Object Name

      1056         74          0          8          0     261345   hw_config.o
     20940        686          0        128        796      45241   main.o
       140         24          0          0          0       2337   misc.o
        28          4        236          0        512        932   startup_stm32f10x_md.o
       380         14          0          0          0       9841   stm32f10x_adc.o
       350         32          0          0          0       4446   stm32f10x_dma.o
       256          6          0          0          0       4434   stm32f10x_gpio.o
       114         14          0          0          0       5289   stm32f10x_it.o
       128         34          0          0          0       3733   stm32f10x_rcc.o
       196         28          0          0          0       4741   stm32f10x_tim.o
       232         22          0          0          0       1749   system_stm32f10x.o
      2146        280          0          4          0      15711   usb_core.o
         0          0        204         26          0       1148   usb_desc.o
        40          8          0          0          0        499   usb_endp.o
        40         18          0         15         28       4414   usb_init.o
       344         28          0          4          0       1441   usb_int.o
       188         22          0         60          0       1484   usb_istr.o
        76         12          0          0          0       1848   usb_mem.o
       618        128          0        154          0      12717   usb_prop.o
       232         34          0          7          0       3634   usb_pwr.o
       530        106          0          0          0       9946   usb_regs.o

    ----------------------------------------------------------------------
     28072       1574        472        416       1336     396930   Object Totals
         0          0         32          0          0          0   (incl. Generated)
        38          0          0         10          0          0   (incl. Padding)

    ----------------------------------------------------------------------

      Code (inc. data)   RO Data    RW Data    ZI Data      Debug   Library Member Name

        86          0          0          0          0          0   __dczerorl2.o
         0          0          0          0          0          0   entry.o
         0          0          0          0          0          0   entry10a.o
         0          0          0          0          0          0   entry11a.o
         8          4          0          0          0          0   entry2.o
         4          0          0          0          0          0   entry5.o
         0          0          0          0          0          0   entry7b.o
         0          0          0          0          0          0   entry8b.o
         8          4          0          0          0          0   entry9a.o
        30          0          0          0          0          0   handlers.o
        36          8          0          0          0         68   init.o

    ----------------------------------------------------------------------
       176         16          0          0          0         68   Library Totals
         4          0          0          0          0          0   (incl. Padding)

    ----------------------------------------------------------------------

      Code (inc. data)   RO Data    RW Data    ZI Data      Debug   Library Name

       172         16          0          0          0         68   mc_w.l

    ----------------------------------------------------------------------
       176         16          0          0          0         68   Library Totals

    ----------------------------------------------------------------------

==============================================================================


      Code (inc. data)   RO Data    RW Data    ZI Data      Debug   

     28248       1590        472        416       1336     389742   Grand Totals
     28248       1590        472        132       1336     389742   ELF Image Totals (compressed)
     28248       1590        472        132          0          0   ROM Totals

==============================================================================

    Total RO  Size (Code + RO Data)                28720 (  28.05kB)
    Total RW  Size (RW Data + ZI Data)              1752 (   1.71kB)
    Total ROM Size (Code + RO Data + RW Data)      28852 (  28.18kB)

==============================================================================

